#
# There is insufficient memory for the Java Runtime Environment to continue.
# Native memory allocation (malloc) failed to allocate 942256 bytes for Chunk::new
# Possible reasons:
#   The system is out of physical RAM or swap space
#   The process is running with CompressedOops enabled, and the Java Heap may be blocking the growth of the native heap
# Possible solutions:
#   Reduce memory load on the system
#   Increase physical memory or swap space
#   Check if swap backing store is full
#   Decrease Java heap size (-Xmx/-Xms)
#   Decrease number of Java threads
#   Decrease Java thread stack sizes (-Xss)
#   Set larger code cache with -XX:ReservedCodeCacheSize=
#   JVM is running with Unscaled Compressed Oops mode in which the Java heap is
#     placed in the first 4GB address space. The Java Heap base address is the
#     maximum limit for the native heap growth. Please use -XX:HeapBaseMinAddress
#     to set the Java Heap base and to place the Java Heap above 4GB virtual address.
# This output file may be truncated or incomplete.
#
#  Out of Memory Error (allocation.cpp:389), pid=8808, tid=0x000000000000075c
#
# JRE version: OpenJDK Runtime Environment (8.0_482-b08) (build 1.8.0_482-b08)
# Java VM: OpenJDK 64-Bit Server VM (25.482-b08 mixed mode windows-amd64 compressed oops)
# Failed to write core dump. Minidumps are not enabled by default on client versions of Windows
#

---------------  T H R E A D  ---------------

Current thread (0x000001f75b3bf800):  JavaThread "C2 CompilerThread1" daemon [_thread_in_native, id=1884, stack(0x0000001e66200000,0x0000001e66300000)]

Stack: [0x0000001e66200000,0x0000001e66300000]
[error occurred during error reporting (printing stack bounds), id 0xc0000005]

Native frames: (J=compiled Java code, j=interpreted, Vv=VM code, C=native code)


Current CompileTask:
C2:1030537 12051       4       org.objectweb.asm.ClassReader::readMethod (1047 bytes)


---------------  P R O C E S S  ---------------

Java Threads: ( => current thread )
  0x000001f76364b000 JavaThread "Memory manager" [_thread_blocked, id=11712, stack(0x0000001e6df00000,0x0000001e6e000000)]
  0x000001f76364d800 JavaThread "Cache worker for execution history cache (C:\Users\User\AndroidStudioProjects\MyGroceryApp\.gradle\6.5\executionHistory)" [_thread_blocked, id=7048, stack(0x0000001e6e600000,0x0000001e6e700000)]
  0x000001f75ef49000 JavaThread "jar transforms Thread 117" [_thread_blocked, id=6980, stack(0x0000001e6de00000,0x0000001e6df00000)]
  0x000001f75ef4a800 JavaThread "jar transforms Thread 116" [_thread_blocked, id=3172, stack(0x0000001e6dd00000,0x0000001e6de00000)]
  0x000001f75ef40800 JavaThread "jar transforms Thread 115" [_thread_blocked, id=8704, stack(0x0000001e6dc00000,0x0000001e6dd00000)]
  0x000001f75ef3f800 JavaThread "jar transforms Thread 114" [_thread_blocked, id=9548, stack(0x0000001e6db00000,0x0000001e6dc00000)]
  0x000001f75ef42800 JavaThread "jar transforms Thread 113" [_thread_blocked, id=12468, stack(0x0000001e6da00000,0x0000001e6db00000)]
  0x000001f75ef46800 JavaThread "jar transforms Thread 112" [_thread_blocked, id=12528, stack(0x0000001e6d900000,0x0000001e6da00000)]
  0x000001f75ef46000 JavaThread "jar transforms Thread 111" [_thread_blocked, id=4228, stack(0x0000001e6d800000,0x0000001e6d900000)]
  0x000001f75ef41000 JavaThread "jar transforms Thread 110" [_thread_blocked, id=624, stack(0x0000001e6d700000,0x0000001e6d800000)]
  0x000001f75ef44000 JavaThread "jar transforms Thread 109" [_thread_blocked, id=8072, stack(0x0000001e6d600000,0x0000001e6d700000)]
  0x000001f75ef45000 JavaThread "jar transforms Thread 108" [_thread_blocked, id=10000, stack(0x0000001e6d500000,0x0000001e6d600000)]
  0x000001f75ef42000 JavaThread "jar transforms Thread 107" [_thread_blocked, id=11828, stack(0x0000001e6d400000,0x0000001e6d500000)]
  0x000001f75ef3e800 JavaThread "jar transforms Thread 106" [_thread_blocked, id=12408, stack(0x0000001e6d300000,0x0000001e6d400000)]
  0x000001f76382d000 JavaThread "jar transforms Thread 105" [_thread_blocked, id=1048, stack(0x0000001e6d200000,0x0000001e6d300000)]
  0x000001f76382c000 JavaThread "jar transforms Thread 104" [_thread_blocked, id=2264, stack(0x0000001e6d100000,0x0000001e6d200000)]
  0x000001f76382f800 JavaThread "jar transforms Thread 103" [_thread_blocked, id=10836, stack(0x0000001e6d000000,0x0000001e6d100000)]
  0x000001f763833000 JavaThread "jar transforms Thread 102" [_thread_blocked, id=12260, stack(0x0000001e6cf00000,0x0000001e6d000000)]
  0x000001f763831000 JavaThread "jar transforms Thread 101" [_thread_blocked, id=10268, stack(0x0000001e6ce00000,0x0000001e6cf00000)]
  0x000001f763832800 JavaThread "jar transforms Thread 100" [_thread_blocked, id=6136, stack(0x0000001e6cd00000,0x0000001e6ce00000)]
  0x000001f76382e800 JavaThread "jar transforms Thread 99" [_thread_blocked, id=10572, stack(0x0000001e6cc00000,0x0000001e6cd00000)]
  0x000001f76382d800 JavaThread "jar transforms Thread 98" [_thread_blocked, id=10188, stack(0x0000001e6cb00000,0x0000001e6cc00000)]
  0x000001f763830000 JavaThread "jar transforms Thread 97" [_thread_blocked, id=13304, stack(0x0000001e6ca00000,0x0000001e6cb00000)]
  0x000001f763831800 JavaThread "jar transforms Thread 96" [_thread_blocked, id=8420, stack(0x0000001e6c900000,0x0000001e6ca00000)]
  0x000001f763824800 JavaThread "jar transforms Thread 95" [_thread_blocked, id=1284, stack(0x0000001e6c800000,0x0000001e6c900000)]
  0x000001f763826000 JavaThread "jar transforms Thread 94" [_thread_blocked, id=8796, stack(0x0000001e6c700000,0x0000001e6c800000)]
  0x000001f76382a800 JavaThread "jar transforms Thread 93" [_thread_blocked, id=9480, stack(0x0000001e6c600000,0x0000001e6c700000)]
  0x000001f76382a000 JavaThread "jar transforms Thread 92" [_thread_blocked, id=1456, stack(0x0000001e6c500000,0x0000001e6c600000)]
  0x000001f763827800 JavaThread "jar transforms Thread 91" [_thread_blocked, id=12512, stack(0x0000001e6c400000,0x0000001e6c500000)]
  0x000001f76382b800 JavaThread "jar transforms Thread 90" [_thread_blocked, id=6948, stack(0x0000001e6c300000,0x0000001e6c400000)]
  0x000001f763826800 JavaThread "jar transforms Thread 89" [_thread_blocked, id=11348, stack(0x0000001e6c200000,0x0000001e6c300000)]
  0x000001f763829000 JavaThread "jar transforms Thread 88" [_thread_blocked, id=5172, stack(0x0000001e6c100000,0x0000001e6c200000)]
  0x000001f763825000 JavaThread "jar transforms Thread 87" [_thread_blocked, id=12244, stack(0x0000001e6c000000,0x0000001e6c100000)]
  0x000001f763828000 JavaThread "jar transforms Thread 86" [_thread_blocked, id=3468, stack(0x0000001e6bf00000,0x0000001e6c000000)]
  0x000001f75d78e000 JavaThread "jar transforms Thread 85" [_thread_blocked, id=10664, stack(0x0000001e6be00000,0x0000001e6bf00000)]
  0x000001f75d78d800 JavaThread "jar transforms Thread 84" [_thread_blocked, id=952, stack(0x0000001e6bd00000,0x0000001e6be00000)]
  0x000001f75d78c800 JavaThread "jar transforms Thread 83" [_thread_blocked, id=8104, stack(0x0000001e6bc00000,0x0000001e6bd00000)]
  0x000001f75d78c000 JavaThread "jar transforms Thread 82" [_thread_blocked, id=9996, stack(0x0000001e6bb00000,0x0000001e6bc00000)]
  0x000001f75d78b000 JavaThread "jar transforms Thread 81" [_thread_blocked, id=9684, stack(0x0000001e6ba00000,0x0000001e6bb00000)]
  0x000001f75d78f000 JavaThread "jar transforms Thread 80" [_thread_blocked, id=4564, stack(0x0000001e6b900000,0x0000001e6ba00000)]
  0x000001f75d785000 JavaThread "jar transforms Thread 79" [_thread_blocked, id=1696, stack(0x0000001e6b800000,0x0000001e6b900000)]
  0x000001f75d783000 JavaThread "jar transforms Thread 78" [_thread_blocked, id=856, stack(0x0000001e6b700000,0x0000001e6b800000)]
  0x000001f75d78a800 JavaThread "jar transforms Thread 77" [_thread_blocked, id=3452, stack(0x0000001e6b600000,0x0000001e6b700000)]
  0x000001f75d782800 JavaThread "jar transforms Thread 76" [_thread_blocked, id=3620, stack(0x0000001e6b500000,0x0000001e6b600000)]
  0x000001f75d789800 JavaThread "jar transforms Thread 75" [_thread_blocked, id=12816, stack(0x0000001e6b400000,0x0000001e6b500000)]
  0x000001f75d781800 JavaThread "jar transforms Thread 74" [_thread_blocked, id=3976, stack(0x0000001e6b300000,0x0000001e6b400000)]
  0x000001f75d788800 JavaThread "jar transforms Thread 73" [_thread_blocked, id=5820, stack(0x0000001e6b200000,0x0000001e6b300000)]
  0x000001f75d784000 JavaThread "jar transforms Thread 72" [_thread_blocked, id=10620, stack(0x0000001e6b100000,0x0000001e6b200000)]
  0x000001f75d788000 JavaThread "jar transforms Thread 71" [_thread_blocked, id=11552, stack(0x0000001e6b000000,0x0000001e6b100000)]
  0x000001f75d781000 JavaThread "jar transforms Thread 70" [_thread_blocked, id=3028, stack(0x0000001e6af00000,0x0000001e6b000000)]
  0x000001f75d780000 JavaThread "jar transforms Thread 69" [_thread_blocked, id=11944, stack(0x0000001e6ae00000,0x0000001e6af00000)]
  0x000001f75d787000 JavaThread "jar transforms Thread 68" [_thread_blocked, id=2504, stack(0x0000001e6ad00000,0x0000001e6ae00000)]
  0x000001f75d786800 JavaThread "jar transforms Thread 67" [_thread_blocked, id=10936, stack(0x0000001e6ac00000,0x0000001e6ad00000)]
  0x000001f75d785800 JavaThread "jar transforms Thread 66" [_thread_blocked, id=7328, stack(0x0000001e6ab00000,0x0000001e6ac00000)]
  0x000001f75d768800 JavaThread "jar transforms Thread 65" [_thread_blocked, id=10820, stack(0x0000001e6aa00000,0x0000001e6ab00000)]
  0x000001f75d76e800 JavaThread "jar transforms Thread 64" [_thread_blocked, id=5400, stack(0x0000001e6a900000,0x0000001e6aa00000)]
  0x000001f75d76a000 JavaThread "jar transforms Thread 63" [_thread_blocked, id=13188, stack(0x0000001e6a800000,0x0000001e6a900000)]
  0x000001f75d76d000 JavaThread "jar transforms Thread 62" [_thread_blocked, id=3020, stack(0x0000001e6a700000,0x0000001e6a800000)]
  0x000001f75d76c800 JavaThread "jar transforms Thread 61" [_thread_blocked, id=12196, stack(0x0000001e6a600000,0x0000001e6a700000)]
  0x000001f75d769000 JavaThread "jar transforms Thread 60" [_thread_blocked, id=9284, stack(0x0000001e6a500000,0x0000001e6a600000)]
  0x000001f75d76b800 JavaThread "jar transforms Thread 59" [_thread_blocked, id=10540, stack(0x0000001e6a400000,0x0000001e6a500000)]
  0x000001f75d76a800 JavaThread "jar transforms Thread 58" [_thread_blocked, id=7704, stack(0x0000001e6a300000,0x0000001e6a400000)]
  0x000001f75d767800 JavaThread "jar transforms Thread 57" [_thread_blocked, id=5160, stack(0x0000001e6a200000,0x0000001e6a300000)]
  0x000001f75d76e000 JavaThread "jar transforms Thread 56" [_thread_blocked, id=13028, stack(0x0000001e6a100000,0x0000001e6a200000)]
  0x000001f75d75f800 JavaThread "jar transforms Thread 55" [_thread_blocked, id=7820, stack(0x0000001e6a000000,0x0000001e6a100000)]
  0x000001f75d761800 JavaThread "jar transforms Thread 54" [_thread_blocked, id=5292, stack(0x0000001e69f00000,0x0000001e6a000000)]
  0x000001f75d766000 JavaThread "jar transforms Thread 53" [_thread_blocked, id=8700, stack(0x0000001e69e00000,0x0000001e69f00000)]
  0x000001f75d763000 JavaThread "jar transforms Thread 52" [_thread_blocked, id=3704, stack(0x0000001e69d00000,0x0000001e69e00000)]
  0x000001f75d765000 JavaThread "jar transforms Thread 51" [_thread_blocked, id=8232, stack(0x0000001e69c00000,0x0000001e69d00000)]
  0x000001f75d762000 JavaThread "Build operations Thread 8" [_thread_blocked, id=2784, stack(0x0000001e69b00000,0x0000001e69c00000)]
  0x000001f75d764800 JavaThread "Build operations Thread 7" [_thread_blocked, id=10764, stack(0x0000001e69a00000,0x0000001e69b00000)]
  0x000001f75d760800 JavaThread "Build operations Thread 6" [_thread_blocked, id=7236, stack(0x0000001e69900000,0x0000001e69a00000)]
  0x000001f75d767000 JavaThread "Build operations Thread 5" [_thread_blocked, id=6328, stack(0x0000001e69800000,0x0000001e69900000)]
  0x000001f75d763800 JavaThread "Build operations Thread 4" [_thread_blocked, id=676, stack(0x0000001e69700000,0x0000001e69800000)]
  0x000001f761758800 JavaThread "Build operations Thread 3" [_thread_blocked, id=7196, stack(0x0000001e69600000,0x0000001e69700000)]
  0x000001f76175c800 JavaThread "Build operations Thread 2" [_thread_blocked, id=10008, stack(0x0000001e69500000,0x0000001e69600000)]
  0x000001f76175b000 JavaThread "Build operations" [_thread_blocked, id=9840, stack(0x0000001e69200000,0x0000001e69300000)]
  0x000001f76175d000 JavaThread "Cache worker for Build Output Cleanup Cache (C:\Users\User\AndroidStudioProjects\MyGroceryApp\.gradle\buildOutputCleanup)" [_thread_blocked, id=9552, stack(0x0000001e69000000,0x0000001e69100000)]
  0x000001f76175a000 JavaThread "Cache worker for cache directory md-rule (C:\Users\User\.gradle\caches\6.5\md-rule)" [_thread_blocked, id=12812, stack(0x0000001e68f00000,0x0000001e69000000)]
  0x000001f76175b800 JavaThread "Cache worker for cache directory md-supplier (C:\Users\User\.gradle\caches\6.5\md-supplier)" [_thread_blocked, id=12348, stack(0x0000001e68e00000,0x0000001e68f00000)]
  0x000001f761757800 JavaThread "Cache worker for checksums cache (C:\Users\User\AndroidStudioProjects\MyGroceryApp\.gradle\checksums)" [_thread_blocked, id=12800, stack(0x0000001e68d00000,0x0000001e68e00000)]
  0x000001f761750000 JavaThread "jar transforms Thread 50" [_thread_blocked, id=12856, stack(0x0000001e68c00000,0x0000001e68d00000)]
  0x000001f761756000 JavaThread "jar transforms Thread 49" [_thread_blocked, id=8252, stack(0x0000001e68b00000,0x0000001e68c00000)]
  0x000001f761757000 JavaThread "jar transforms Thread 48" [_thread_blocked, id=10544, stack(0x0000001e68a00000,0x0000001e68b00000)]
  0x000001f761754000 JavaThread "jar transforms Thread 47" [_thread_blocked, id=10852, stack(0x0000001e68900000,0x0000001e68a00000)]
  0x000001f761753000 JavaThread "jar transforms Thread 46" [_thread_blocked, id=2716, stack(0x0000001e68800000,0x0000001e68900000)]
  0x000001f761755800 JavaThread "jar transforms Thread 45" [_thread_blocked, id=7240, stack(0x0000001e68700000,0x0000001e68800000)]
  0x000001f761754800 JavaThread "jar transforms Thread 44" [_thread_blocked, id=13088, stack(0x0000001e68600000,0x0000001e68700000)]
  0x000001f76174f000 JavaThread "jar transforms Thread 43" [_thread_blocked, id=5792, stack(0x0000001e68500000,0x0000001e68600000)]
  0x000001f761750800 JavaThread "jar transforms Thread 42" [_thread_blocked, id=13268, stack(0x0000001e68400000,0x0000001e68500000)]
  0x000001f761752000 JavaThread "jar transforms Thread 41" [_thread_blocked, id=7200, stack(0x0000001e68300000,0x0000001e68400000)]
  0x000001f761751800 JavaThread "jar transforms Thread 40" [_thread_blocked, id=9908, stack(0x0000001e68200000,0x0000001e68300000)]
  0x000001f76174e800 JavaThread "jar transforms Thread 39" [_thread_blocked, id=12764, stack(0x0000001e68100000,0x0000001e68200000)]
  0x000001f75e89b000 JavaThread "jar transforms Thread 38" [_thread_blocked, id=9016, stack(0x0000001e68000000,0x0000001e68100000)]
  0x000001f75e899800 JavaThread "jar transforms Thread 37" [_thread_blocked, id=2696, stack(0x0000001e67f00000,0x0000001e68000000)]
  0x000001f75e898000 JavaThread "jar transforms Thread 36" [_thread_blocked, id=9788, stack(0x0000001e67e00000,0x0000001e67f00000)]
  0x000001f75e897800 JavaThread "jar transforms Thread 35" [_thread_blocked, id=6216, stack(0x0000001e67d00000,0x0000001e67e00000)]
  0x000001f75e89d800 JavaThread "jar transforms Thread 34" [_thread_blocked, id=6944, stack(0x0000001e67c00000,0x0000001e67d00000)]
  0x000001f75e89d000 JavaThread "jar transforms Thread 33" [_thread_blocked, id=6124, stack(0x0000001e67b00000,0x0000001e67c00000)]
  0x000001f75e89e800 JavaThread "jar transforms Thread 32" [_thread_blocked, id=2752, stack(0x0000001e67a00000,0x0000001e67b00000)]
  0x000001f760fe2800 JavaThread "jar transforms Thread 31" [_thread_blocked, id=1516, stack(0x0000001e67900000,0x0000001e67a00000)]
  0x000001f760fe4000 JavaThread "jar transforms Thread 30" [_thread_blocked, id=10748, stack(0x0000001e67800000,0x0000001e67900000)]
  0x000001f760fe0800 JavaThread "jar transforms Thread 29" [_thread_blocked, id=9660, stack(0x0000001e67700000,0x0000001e67800000)]
  0x000001f760fe3800 JavaThread "jar transforms Thread 28" [_thread_blocked, id=4928, stack(0x0000001e67600000,0x0000001e67700000)]
  0x000001f760fe1000 JavaThread "jar transforms Thread 27" [_thread_blocked, id=12600, stack(0x0000001e67200000,0x0000001e67300000)]
  0x000001f760fde000 JavaThread "jar transforms Thread 26" [_thread_blocked, id=5756, stack(0x0000001e67100000,0x0000001e67200000)]
  0x000001f760fdf800 JavaThread "Cache worker for file hash cache (C:\Users\User\AndroidStudioProjects\MyGroceryApp\.gradle\6.5\fileHashes)" [_thread_blocked, id=13228, stack(0x0000001e67000000,0x0000001e67100000)]
  0x000001f760fe2000 JavaThread "Thread-51" [_thread_blocked, id=4908, stack(0x0000001e66f00000,0x0000001e67000000)]
  0x000001f760fde800 JavaThread "Stdin handler" [_thread_blocked, id=8292, stack(0x0000001e66e00000,0x0000001e66f00000)]
  0x000001f760fd5800 JavaThread "Asynchronous log dispatcher for DefaultDaemonConnection: socket connection from /127.0.0.1:51230 to /127.0.0.1:51364" [_thread_blocked, id=8680, stack(0x0000001e66d00000,0x0000001e66e00000)]
  0x000001f760fdb800 JavaThread "Daemon worker Thread 2" [_thread_in_native, id=9000, stack(0x0000001e66c00000,0x0000001e66d00000)]
  0x000001f760fd7800 JavaThread "Cancel handler" [_thread_blocked, id=11440, stack(0x0000001e65200000,0x0000001e65300000)]
  0x000001f760fd7000 JavaThread "Handler for socket connection from /127.0.0.1:51230 to /127.0.0.1:51364" [_thread_in_native, id=12660, stack(0x0000001e65100000,0x0000001e65200000)]
  0x000001f760fdb000 JavaThread "Daemon Thread 2" [_thread_blocked, id=5280, stack(0x0000001e65000000,0x0000001e65100000)]
  0x000001f760fd8800 JavaThread "Cache worker for file content cache (C:\Users\User\.gradle\caches\6.5\fileContent)" [_thread_blocked, id=12740, stack(0x0000001e69400000,0x0000001e69500000)]
  0x000001f760fdc800 JavaThread "Cache worker for execution history cache (C:\Users\User\.gradle\caches\6.5\executionHistory)" [_thread_blocked, id=6640, stack(0x0000001e69300000,0x0000001e69400000)]
  0x000001f75e89c000 JavaThread "Cache worker for file hash cache (C:\Users\User\.gradle\caches\6.5\fileHashes)" [_thread_blocked, id=412, stack(0x0000001e67500000,0x0000001e67600000)]
  0x000001f75e89a800 JavaThread "File lock request listener" [_thread_in_native, id=8512, stack(0x0000001e67400000,0x0000001e67500000)]
  0x000001f75e899000 JavaThread "Cache worker for journal cache (C:\Users\User\.gradle\caches\journal-1)" [_thread_blocked, id=6696, stack(0x0000001e67300000,0x0000001e67400000)]
  0x000001f75e7ff800 JavaThread "Daemon periodic checks" [_thread_blocked, id=4492, stack(0x0000001e66b00000,0x0000001e66c00000)]
  0x000001f75e757800 JavaThread "Incoming local TCP Connector on port 51230" [_thread_in_native, id=8644, stack(0x0000001e66a00000,0x0000001e66b00000)]
  0x000001f75e69f000 JavaThread "Daemon health stats" [_thread_blocked, id=8508, stack(0x0000001e66700000,0x0000001e66800000)]
  0x000001f75c7b2800 JavaThread "Service Thread" daemon [_thread_blocked, id=11116, stack(0x0000001e66500000,0x0000001e66600000)]
  0x000001f75b3cc800 JavaThread "C1 CompilerThread3" daemon [_thread_blocked, id=9256, stack(0x0000001e66400000,0x0000001e66500000)]
  0x000001f75b3c1000 JavaThread "C2 CompilerThread2" daemon [_thread_in_native, id=6340, stack(0x0000001e66300000,0x0000001e66400000)]
=>0x000001f75b3bf800 JavaThread "C2 CompilerThread1" daemon [_thread_in_native, id=1884, stack(0x0000001e66200000,0x0000001e66300000)]
  0x000001f75b3c3800 JavaThread "C2 CompilerThread0" daemon [_thread_in_native, id=10264, stack(0x0000001e66100000,0x0000001e66200000)]
  0x000001f75b3b8800 JavaThread "Attach Listener" daemon [_thread_blocked, id=1604, stack(0x0000001e66000000,0x0000001e66100000)]
  0x000001f75b3b6800 JavaThread "Signal Dispatcher" daemon [_thread_blocked, id=9100, stack(0x0000001e65f00000,0x0000001e66000000)]
  0x000001f75a79d000 JavaThread "Finalizer" daemon [_thread_blocked, id=7736, stack(0x0000001e65e00000,0x0000001e65f00000)]
  0x000001f75a79a800 JavaThread "Reference Handler" daemon [_thread_blocked, id=9640, stack(0x0000001e65d00000,0x0000001e65e00000)]
  0x000001f744612000 JavaThread "main" [_thread_blocked, id=5348, stack(0x0000001e65300000,0x0000001e65400000)]

Other Threads:
  0x000001f75b364000 VMThread [stack: 0x0000001e65c00000,0x0000001e65d00000] [id=10204]
  0x000001f75c7b4800 WatcherThread [stack: 0x0000001e66600000,0x0000001e66700000] [id=6172]

VM state:not at safepoint (normal execution)

VM Mutex/Monitor currently owned by a thread:  ([mutex/lock_event])
[0x000001f7445f06f0] CodeCache_lock - owner thread: 0x000001f75b3c3800

heap address: 0x0000000080000000, size: 2048 MB, Compressed Oops mode: 32-bit
Narrow klass base: 0x0000000000000000, Narrow klass shift: 3
Compressed class space size: 1073741824 Address: 0x0000000100000000

Heap:
 PSYoungGen      total 343552K, used 34163K [0x00000000d5580000, 0x00000000f1f80000, 0x0000000100000000)
  eden space 321024K, 9% used [0x00000000d5580000,0x00000000d7368910,0x00000000e8f00000)
  from space 22528K, 15% used [0x00000000e8f00000,0x00000000e92744e8,0x00000000ea500000)
  to   space 22528K, 0% used [0x00000000f0980000,0x00000000f0980000,0x00000000f1f80000)
 ParOldGen       total 105472K, used 65572K [0x0000000080000000, 0x0000000086700000, 0x00000000d5580000)
  object space 105472K, 62% used [0x0000000080000000,0x00000000840092e8,0x0000000086700000)
 Metaspace       used 85368K, capacity 90264K, committed 90496K, reserved 1126400K
  class space    used 11734K, capacity 12606K, committed 12672K, reserved 1048576K

Card table byte_map: [0x000001f7553b0000,0x000001f7557c0000] byte_map_base: 0x000001f754fb0000

Marking Bits: (ParMarkBitMap*) 0x0000000055d1f940
 Begin Bits: [0x000001f755a70000, 0x000001f757a70000)
 End Bits:   [0x000001f757a70000, 0x000001f759a70000)

Polling page: 0x000001f745fc0000

CodeCache: size=245760Kb used=34382Kb max_used=34382Kb free=211378Kb
 bounds [0x000001f745ff0000, 0x000001f7481b0000, 0x000001f754ff0000]
 total_blobs=11110 nmethods=10235 adapters=786
 compilation: enabled

Compilation events (10 events):
Event: 1030.533 Thread 0x000001f75b3cc800 12207       3       com.google.common.collect.AbstractIndexedListIterator::<init> (21 bytes)
Event: 1030.533 Thread 0x000001f75b3cc800 nmethod 12207 0x000001f7481aac10 code [0x000001f7481aadc0, 0x000001f7481ab2a0]
Event: 1030.533 Thread 0x000001f75b3cc800 12208       3       com.google.common.collect.UnmodifiableListIterator::<init> (5 bytes)
Event: 1030.533 Thread 0x000001f75b3cc800 nmethod 12208 0x000001f7481ab590 code [0x000001f7481ab700, 0x000001f7481ab918]
Event: 1030.533 Thread 0x000001f75b3cc800 12209       3       org.objectweb.asm.tree.InsnList::insert (58 bytes)
Event: 1030.534 Thread 0x000001f75b3cc800 nmethod 12209 0x000001f7481aba10 code [0x000001f7481abb80, 0x000001f7481abdd8]
Event: 1030.534 Thread 0x000001f75b3cc800 12210       3       com.google.common.collect.Iterators$ArrayItr::<init> (18 bytes)
Event: 1030.534 Thread 0x000001f75b3cc800 nmethod 12210 0x000001f7481abed0 code [0x000001f7481ac080, 0x000001f7481ac600]
Event: 1030.535 Thread 0x000001f75b3cc800 12211       1       org.objectweb.asm.tree.FieldNode::visitEnd (1 bytes)
Event: 1030.535 Thread 0x000001f75b3cc800 nmethod 12211 0x000001f748175a90 code [0x000001f748175be0, 0x000001f748175cf8]

GC Heap History (10 events):
Event: 1025.306 GC heap before
{Heap before GC invocations=18 (full 3):
 PSYoungGen      total 199680K, used 198956K [0x00000000d5580000, 0x00000000e5b00000, 0x0000000100000000)
  eden space 178688K, 100% used [0x00000000d5580000,0x00000000e0400000,0x00000000e0400000)
  from space 20992K, 96% used [0x00000000e1b80000,0x00000000e2f4b268,0x00000000e3000000)
  to   space 24064K, 0% used [0x00000000e0400000,0x00000000e0400000,0x00000000e1b80000)
 ParOldGen       total 105472K, used 30370K [0x0000000080000000, 0x0000000086700000, 0x00000000d5580000)
  object space 105472K, 28% used [0x0000000080000000,0x0000000081da8b58,0x0000000086700000)
 Metaspace       used 75171K, capacity 78678K, committed 78976K, reserved 1118208K
  class space    used 10313K, capacity 11018K, committed 11136K, reserved 1048576K
Event: 1025.319 GC heap after
Heap after GC invocations=18 (full 3):
 PSYoungGen      total 202752K, used 11068K [0x00000000d5580000, 0x00000000e6f00000, 0x0000000100000000)
  eden space 178688K, 0% used [0x00000000d5580000,0x00000000d5580000,0x00000000e0400000)
  from space 24064K, 45% used [0x00000000e0400000,0x00000000e0ecf158,0x00000000e1b80000)
  to   space 23040K, 0% used [0x00000000e5880000,0x00000000e5880000,0x00000000e6f00000)
 ParOldGen       total 105472K, used 41123K [0x0000000080000000, 0x0000000086700000, 0x00000000d5580000)
  object space 105472K, 38% used [0x0000000080000000,0x0000000082828de0,0x0000000086700000)
 Metaspace       used 75171K, capacity 78678K, committed 78976K, reserved 1118208K
  class space    used 10313K, capacity 11018K, committed 11136K, reserved 1048576K
}
Event: 1027.498 GC heap before
{Heap before GC invocations=19 (full 3):
 PSYoungGen      total 202752K, used 189756K [0x00000000d5580000, 0x00000000e6f00000, 0x0000000100000000)
  eden space 178688K, 100% used [0x00000000d5580000,0x00000000e0400000,0x00000000e0400000)
  from space 24064K, 45% used [0x00000000e0400000,0x00000000e0ecf158,0x00000000e1b80000)
  to   space 23040K, 0% used [0x00000000e5880000,0x00000000e5880000,0x00000000e6f00000)
 ParOldGen       total 105472K, used 41123K [0x0000000080000000, 0x0000000086700000, 0x00000000d5580000)
  object space 105472K, 38% used [0x0000000080000000,0x0000000082828de0,0x0000000086700000)
 Metaspace       used 83741K, capacity 88580K, committed 88832K, reserved 1126400K
  class space    used 11594K, capacity 12482K, committed 12544K, reserved 1048576K
Event: 1027.610 GC heap after
Heap after GC invocations=19 (full 3):
 PSYoungGen      total 264192K, used 15724K [0x00000000d5580000, 0x00000000e7b00000, 0x0000000100000000)
  eden space 241152K, 0% used [0x00000000d5580000,0x00000000d5580000,0x00000000e4100000)
  from space 23040K, 68% used [0x00000000e5880000,0x00000000e67db018,0x00000000e6f00000)
  to   space 24064K, 0% used [0x00000000e4100000,0x00000000e4100000,0x00000000e5880000)
 ParOldGen       total 105472K, used 48028K [0x0000000080000000, 0x0000000086700000, 0x00000000d5580000)
  object space 105472K, 45% used [0x0000000080000000,0x0000000082ee7180,0x0000000086700000)
 Metaspace       used 83741K, capacity 88580K, committed 88832K, reserved 1126400K
  class space    used 11594K, capacity 12482K, committed 12544K, reserved 1048576K
}
Event: 1028.409 GC heap before
{Heap before GC invocations=20 (full 3):
 PSYoungGen      total 264192K, used 256876K [0x00000000d5580000, 0x00000000e7b00000, 0x0000000100000000)
  eden space 241152K, 100% used [0x00000000d5580000,0x00000000e4100000,0x00000000e4100000)
  from space 23040K, 68% used [0x00000000e5880000,0x00000000e67db018,0x00000000e6f00000)
  to   space 24064K, 0% used [0x00000000e4100000,0x00000000e4100000,0x00000000e5880000)
 ParOldGen       total 105472K, used 48028K [0x0000000080000000, 0x0000000086700000, 0x00000000d5580000)
  object space 105472K, 45% used [0x0000000080000000,0x0000000082ee7180,0x0000000086700000)
 Metaspace       used 84480K, capacity 89332K, committed 89472K, reserved 1126400K
  class space    used 11663K, capacity 12556K, committed 12672K, reserved 1048576K
Event: 1028.532 GC heap after
Heap after GC invocations=20 (full 3):
 PSYoungGen      total 265216K, used 9492K [0x00000000d5580000, 0x00000000ebb80000, 0x0000000100000000)
  eden space 241152K, 0% used [0x00000000d5580000,0x00000000d5580000,0x00000000e4100000)
  from space 24064K, 39% used [0x00000000e4100000,0x00000000e4a45328,0x00000000e5880000)
  to   space 23040K, 0% used [0x00000000ea500000,0x00000000ea500000,0x00000000ebb80000)
 ParOldGen       total 105472K, used 57087K [0x0000000080000000, 0x0000000086700000, 0x00000000d5580000)
  object space 105472K, 54% used [0x0000000080000000,0x00000000837bfe58,0x0000000086700000)
 Metaspace       used 84480K, capacity 89332K, committed 89472K, reserved 1126400K
  class space    used 11663K, capacity 12556K, committed 12672K, reserved 1048576K
}
Event: 1028.828 GC heap before
{Heap before GC invocations=21 (full 3):
 PSYoungGen      total 265216K, used 250644K [0x00000000d5580000, 0x00000000ebb80000, 0x0000000100000000)
  eden space 241152K, 100% used [0x00000000d5580000,0x00000000e4100000,0x00000000e4100000)
  from space 24064K, 39% used [0x00000000e4100000,0x00000000e4a45328,0x00000000e5880000)
  to   space 23040K, 0% used [0x00000000ea500000,0x00000000ea500000,0x00000000ebb80000)
 ParOldGen       total 105472K, used 57087K [0x0000000080000000, 0x0000000086700000, 0x00000000d5580000)
  object space 105472K, 54% used [0x0000000080000000,0x00000000837bfe58,0x0000000086700000)
 Metaspace       used 84579K, capacity 89396K, committed 89728K, reserved 1126400K
  class space    used 11668K, capacity 12556K, committed 12672K, reserved 1048576K
Event: 1028.853 GC heap after
Heap after GC invocations=21 (full 3):
 PSYoungGen      total 344064K, used 5969K [0x00000000d5580000, 0x00000000ebc80000, 0x0000000100000000)
  eden space 321024K, 0% used [0x00000000d5580000,0x00000000d5580000,0x00000000e8f00000)
  from space 23040K, 25% used [0x00000000ea500000,0x00000000eaad4720,0x00000000ebb80000)
  to   space 22528K, 0% used [0x00000000e8f00000,0x00000000e8f00000,0x00000000ea500000)
 ParOldGen       total 105472K, used 59691K [0x0000000080000000, 0x0000000086700000, 0x00000000d5580000)
  object space 105472K, 56% used [0x0000000080000000,0x0000000083a4ae48,0x0000000086700000)
 Metaspace       used 84579K, capacity 89396K, committed 89728K, reserved 1126400K
  class space    used 11668K, capacity 12556K, committed 12672K, reserved 1048576K
}
Event: 1030.370 GC heap before
{Heap before GC invocations=22 (full 3):
 PSYoungGen      total 344064K, used 326993K [0x00000000d5580000, 0x00000000ebc80000, 0x0000000100000000)
  eden space 321024K, 100% used [0x00000000d5580000,0x00000000e8f00000,0x00000000e8f00000)
  from space 23040K, 25% used [0x00000000ea500000,0x00000000eaad4720,0x00000000ebb80000)
  to   space 22528K, 0% used [0x00000000e8f00000,0x00000000e8f00000,0x00000000ea500000)
 ParOldGen       total 105472K, used 59691K [0x0000000080000000, 0x0000000086700000, 0x00000000d5580000)
  object space 105472K, 56% used [0x0000000080000000,0x0000000083a4ae48,0x0000000086700000)
 Metaspace       used 85160K, capacity 90072K, committed 90240K, reserved 1126400K
  class space    used 11720K, capacity 12606K, committed 12672K, reserved 1048576K
Event: 1030.378 GC heap after
Heap after GC invocations=22 (full 3):
 PSYoungGen      total 343552K, used 3537K [0x00000000d5580000, 0x00000000f1f80000, 0x0000000100000000)
  eden space 321024K, 0% used [0x00000000d5580000,0x00000000d5580000,0x00000000e8f00000)
  from space 22528K, 15% used [0x00000000e8f00000,0x00000000e92744e8,0x00000000ea500000)
  to   space 22528K, 0% used [0x00000000f0980000,0x00000000f0980000,0x00000000f1f80000)
 ParOldGen       total 105472K, used 65572K [0x0000000080000000, 0x0000000086700000, 0x00000000d5580000)
  object space 105472K, 62% used [0x0000000080000000,0x00000000840092e8,0x0000000086700000)
 Metaspace       used 85160K, capacity 90072K, committed 90240K, reserved 1126400K
  class space    used 11720K, capacity 12606K, committed 12672K, reserved 1048576K
}

Deoptimization events (10 events):
Event: 1030.411 Thread 0x000001f760fdb800 Uncommon trap: reason=class_check action=maybe_recompile pc=0x000001f747f22cac method=org.objectweb.asm.Label.accept(Lorg/objectweb/asm/MethodVisitor;Z)V @ 2
Event: 1030.411 Thread 0x000001f760fdb800 Uncommon trap: reason=class_check action=maybe_recompile pc=0x000001f747fb4624 method=org.objectweb.asm.Label.accept(Lorg/objectweb/asm/MethodVisitor;Z)V @ 2
Event: 1030.411 Thread 0x000001f760fdb800 Uncommon trap: reason=class_check action=maybe_recompile pc=0x000001f747f40e7c method=org.objectweb.asm.ClassReader.readElementValues(Lorg/objectweb/asm/AnnotationVisitor;IZ[C)I @ 82
Event: 1030.411 Thread 0x000001f760fdb800 Uncommon trap: reason=unstable_if action=reinterpret pc=0x000001f74801c3f0 method=org.objectweb.asm.MethodWriter.visitInsn(I)V @ 24
Event: 1030.411 Thread 0x000001f760fdb800 Uncommon trap: reason=unstable_if action=reinterpret pc=0x000001f74802db54 method=org.objectweb.asm.MethodWriter.visitMethodInsn(ILjava/lang/String;Ljava/lang/String;Ljava/lang/String;Z)V @ 81
Event: 1030.411 Thread 0x000001f760fdb800 Uncommon trap: reason=unstable_if action=reinterpret pc=0x000001f7480288c4 method=org.objectweb.asm.MethodWriter.visitLocalVariable(Ljava/lang/String;Ljava/lang/String;Ljava/lang/String;Lorg/objectweb/asm/Label;Lorg/objectweb/asm/Label;I)V @ 172
Event: 1030.412 Thread 0x000001f760fdb800 Uncommon trap: reason=class_check action=maybe_recompile pc=0x000001f74811bd1c method=org.objectweb.asm.ClassReader.accept(Lorg/objectweb/asm/ClassVisitor;[Lorg/objectweb/asm/Attribute;I)V @ 604
Event: 1030.412 Thread 0x000001f760fdb800 Uncommon trap: reason=unstable_if action=reinterpret pc=0x000001f747124758 method=org.objectweb.asm.Type.getDescriptor()Ljava/lang/String; @ 6
Event: 1030.432 Thread 0x000001f760fdb800 Uncommon trap: reason=unstable_if action=reinterpret pc=0x000001f748004ac0 method=org.objectweb.asm.MethodWriter.visitFieldInsn(ILjava/lang/String;Ljava/lang/String;Ljava/lang/String;)V @ 42
Event: 1030.441 Thread 0x000001f760fdb800 Uncommon trap: reason=unstable_if action=reinterpret pc=0x000001f7470a9ba0 method=java.io.BufferedOutputStream.write(I)V @ 9

Classes redefined (0 events):
No events

Internal exceptions (10 events):
Event: 1029.316 Thread 0x000001f75d764800 Exception <a 'sun/nio/fs/WindowsException'> (0x00000000d8d96a18) thrown at [C:\workspace\openjdk-build\workspace\build\src\hotspot\src\share\vm\prims\jni.cpp, line 712]
Event: 1029.361 Thread 0x000001f75d762000 Exception <a 'sun/nio/fs/WindowsException'> (0x00000000d936b3f8) thrown at [C:\workspace\openjdk-build\workspace\build\src\hotspot\src\share\vm\prims\jni.cpp, line 712]
Event: 1029.365 Thread 0x000001f75d763800 Exception <a 'sun/nio/fs/WindowsException'> (0x00000000d9482810) thrown at [C:\workspace\openjdk-build\workspace\build\src\hotspot\src\share\vm\prims\jni.cpp, line 712]
Event: 1029.368 Thread 0x000001f76175b000 Exception <a 'sun/nio/fs/WindowsException'> (0x00000000d97a8688) thrown at [C:\workspace\openjdk-build\workspace\build\src\hotspot\src\share\vm\prims\jni.cpp, line 712]
Event: 1029.376 Thread 0x000001f761758800 Exception <a 'sun/nio/fs/WindowsException'> (0x00000000daac4b20) thrown at [C:\workspace\openjdk-build\workspace\build\src\hotspot\src\share\vm\prims\jni.cpp, line 712]
Event: 1029.384 Thread 0x000001f75d767000 Exception <a 'sun/nio/fs/WindowsException'> (0x00000000db5cea58) thrown at [C:\workspace\openjdk-build\workspace\build\src\hotspot\src\share\vm\prims\jni.cpp, line 712]
Event: 1029.408 Thread 0x000001f75d760800 Exception <a 'sun/nio/fs/WindowsException'> (0x00000000dd1c18c8) thrown at [C:\workspace\openjdk-build\workspace\build\src\hotspot\src\share\vm\prims\jni.cpp, line 712]
Event: 1029.415 Thread 0x000001f760fdb800 Exception <a 'java/lang/NoSuchMethodError': java.lang.Object.lambda$negate$1(Ljava/lang/Object;)Z> (0x00000000dd33f670) thrown at [C:\workspace\openjdk-build\workspace\build\src\hotspot\src\share\vm\interpreter\linkResolver.cpp, line 620]
Event: 1029.604 Thread 0x000001f75d760800 Exception <a 'sun/nio/fs/WindowsException'> (0x00000000e13d9858) thrown at [C:\workspace\openjdk-build\workspace\build\src\hotspot\src\share\vm\prims\jni.cpp, line 712]
Event: 1029.719 Thread 0x000001f76364b000 Exception <a 'java/lang/NoSuchMethodError': java.lang.Object.lambda$comparingInt$7b0bb60$1(Ljava/util/function/ToIntFunction;Ljava/lang/Object;Ljava/lang/Object;)I> (0x00000000e14a37a8) thrown at [C:\workspace\openjdk-build\workspace\build\src\hotspot\src

Events (10 events):
Event: 1030.432 Thread 0x000001f760fdb800 Uncommon trap: trap_request=0xffffff65 fr.pc=0x000001f748004ac0
Event: 1030.432 Thread 0x000001f760fdb800 DEOPT PACKING pc=0x000001f748004ac0 sp=0x0000001e66cf7cf0
Event: 1030.432 Thread 0x000001f760fdb800 DEOPT UNPACKING pc=0x000001f746035583 sp=0x0000001e66cf7ce0 mode 2
Event: 1030.433 loading class org/objectweb/asm/Edge
Event: 1030.433 loading class org/objectweb/asm/Edge done
Event: 1030.440 Thread 0x000001f760fdb800 Uncommon trap: trap_request=0xffffff65 fr.pc=0x000001f7470a9ba0
Event: 1030.440 Executing VM operation: RevokeBias
Event: 1030.441 Executing VM operation: RevokeBias done
Event: 1030.441 Thread 0x000001f760fdb800 DEOPT PACKING pc=0x000001f7470a9ba0 sp=0x0000001e66cf7dc0
Event: 1030.441 Thread 0x000001f760fdb800 DEOPT UNPACKING pc=0x000001f746035583 sp=0x0000001e66cf7d70 mode 2


Dynamic libraries:
0x00007ff6c3cd0000 - 0x00007ff6c3d1d000 	C:\Program Files\Java\jdk8u482-b08\bin\java.exe
0x00007fface190000 - 0x00007fface388000 	C:\WINDOWS\SYSTEM32\ntdll.dll
0x00007ffacc290000 - 0x00007ffacc352000 	C:\WINDOWS\System32\KERNEL32.DLL
0x00007ffacbd00000 - 0x00007ffacbff6000 	C:\WINDOWS\System32\KERNELBASE.dll
0x00007ffacc440000 - 0x00007ffacc4f1000 	C:\WINDOWS\System32\ADVAPI32.dll
0x00007ffaccd80000 - 0x00007ffacce1e000 	C:\WINDOWS\System32\msvcrt.dll
0x00007ffacd070000 - 0x00007ffacd10f000 	C:\WINDOWS\System32\sechost.dll
0x00007fface030000 - 0x00007fface150000 	C:\WINDOWS\System32\RPCRT4.dll
0x00007ffacc180000 - 0x00007ffacc1a7000 	C:\WINDOWS\System32\bcrypt.dll
0x00007ffacd170000 - 0x00007ffacd311000 	C:\WINDOWS\System32\USER32.dll
0x00007ffacbcd0000 - 0x00007ffacbcf2000 	C:\WINDOWS\System32\win32u.dll
0x00007ffaccb80000 - 0x00007ffaccbab000 	C:\WINDOWS\System32\GDI32.dll
0x00007ffacb820000 - 0x00007ffacb939000 	C:\WINDOWS\System32\gdi32full.dll
0x00007ffacba40000 - 0x00007ffacbadd000 	C:\WINDOWS\System32\msvcp_win.dll
0x00007ffacc000000 - 0x00007ffacc100000 	C:\WINDOWS\System32\ucrtbase.dll
0x00007ffaba970000 - 0x00007ffabac0b000 	C:\WINDOWS\WinSxS\amd64_microsoft.windows.common-controls_6595b64144ccf1df_6.0.19041.6456_none_60b8a6cb71f64256\COMCTL32.dll
0x00007ffacc1c0000 - 0x00007ffacc1ef000 	C:\WINDOWS\System32\IMM32.DLL
0x00007ffaacd30000 - 0x00007ffaacd4e000 	C:\Program Files\Java\jdk8u482-b08\jre\bin\vcruntime140.dll
0x00007ffabb650000 - 0x00007ffabb65c000 	C:\Program Files\Java\jdk8u482-b08\jre\bin\vcruntime140_1.dll
0x00007ffaa6e50000 - 0x00007ffaa6edd000 	C:\Program Files\Java\jdk8u482-b08\jre\bin\msvcp140.dll
0x0000000055500000 - 0x0000000055d99000 	C:\Program Files\Java\jdk8u482-b08\jre\bin\server\jvm.dll
0x00007ffacc1f0000 - 0x00007ffacc1f8000 	C:\WINDOWS\System32\PSAPI.DLL
0x00007ffabc640000 - 0x00007ffabc649000 	C:\WINDOWS\SYSTEM32\WSOCK32.dll
0x00007ffac2f40000 - 0x00007ffac2f67000 	C:\WINDOWS\SYSTEM32\WINMM.dll
0x00007ffac4c10000 - 0x00007ffac4c1a000 	C:\WINDOWS\SYSTEM32\VERSION.dll
0x00007ffaccce0000 - 0x00007ffaccd4b000 	C:\WINDOWS\System32\WS2_32.dll
0x00007ffac96b0000 - 0x00007ffac96c2000 	C:\WINDOWS\SYSTEM32\kernel.appcore.dll
0x00007ffabb510000 - 0x00007ffabb520000 	C:\Program Files\Java\jdk8u482-b08\jre\bin\verify.dll
0x00007ffaac600000 - 0x00007ffaac62b000 	C:\Program Files\Java\jdk8u482-b08\jre\bin\java.dll
0x00007ffaac130000 - 0x00007ffaac148000 	C:\Program Files\Java\jdk8u482-b08\jre\bin\zip.dll
0x00007ffacd320000 - 0x00007ffacda90000 	C:\WINDOWS\System32\SHELL32.dll
0x00007ffac98b0000 - 0x00007ffaca055000 	C:\WINDOWS\SYSTEM32\windows.storage.dll
0x00007ffacdc00000 - 0x00007ffacdf54000 	C:\WINDOWS\System32\combase.dll
0x00007ffacb170000 - 0x00007ffacb19b000 	C:\WINDOWS\SYSTEM32\Wldp.dll
0x00007ffacdf60000 - 0x00007fface02d000 	C:\WINDOWS\System32\OLEAUT32.dll
0x00007ffaccc30000 - 0x00007ffacccdd000 	C:\WINDOWS\System32\SHCORE.dll
0x00007ffacc6b0000 - 0x00007ffacc70b000 	C:\WINDOWS\System32\shlwapi.dll
0x00007ffacb750000 - 0x00007ffacb774000 	C:\WINDOWS\SYSTEM32\profapi.dll
0x00007ffaa9830000 - 0x00007ffaa984c000 	C:\Program Files\Java\jdk8u482-b08\jre\bin\net.dll
0x00007ffacaed0000 - 0x00007ffacaf3a000 	C:\WINDOWS\system32\mswsock.dll
0x00007ffaa9810000 - 0x00007ffaa9823000 	C:\Program Files\Java\jdk8u482-b08\jre\bin\nio.dll
0x00007ffaafef0000 - 0x00007ffaaff17000 	C:\Users\User\.gradle\native\f6784746aeab05261644944871eae4fe03e0ef1612fff0a4a95f87b438bc6780\windows-amd64\native-platform.dll
0x00007ffabb0e0000 - 0x00007ffabb0ed000 	C:\Program Files\Java\jdk8u482-b08\jre\bin\management.dll
0x00007ffacb0c0000 - 0x00007ffacb0d8000 	C:\WINDOWS\SYSTEM32\CRYPTSP.dll
0x00007ffaca7f0000 - 0x00007ffaca828000 	C:\WINDOWS\system32\rsaenh.dll
0x00007ffacb710000 - 0x00007ffacb73e000 	C:\WINDOWS\SYSTEM32\USERENV.dll
0x00007ffacbae0000 - 0x00007ffacbb62000 	C:\WINDOWS\System32\bcryptprimitives.dll
0x00007ffacb0e0000 - 0x00007ffacb0ec000 	C:\WINDOWS\SYSTEM32\CRYPTBASE.dll
0x00007ffacabb0000 - 0x00007ffacabeb000 	C:\WINDOWS\SYSTEM32\IPHLPAPI.DLL
0x00007ffacc1b0000 - 0x00007ffacc1b8000 	C:\WINDOWS\System32\NSI.dll
0x00007ffac64f0000 - 0x00007ffac6507000 	C:\WINDOWS\SYSTEM32\dhcpcsvc6.DLL
0x00007ffac6660000 - 0x00007ffac667d000 	C:\WINDOWS\SYSTEM32\dhcpcsvc.DLL
0x00007ffacabf0000 - 0x00007ffacacba000 	C:\WINDOWS\SYSTEM32\DNSAPI.dll
0x00007ffac69d0000 - 0x00007ffac69db000 	C:\WINDOWS\SYSTEM32\WINNSI.DLL
0x00007ffaa97e0000 - 0x00007ffaa9805000 	C:\Program Files\Java\jdk8u482-b08\jre\bin\sunec.dll
0x00007ffabcff0000 - 0x00007ffabcffa000 	C:\Windows\System32\rasadhlp.dll
0x00007ffabd010000 - 0x00007ffabd090000 	C:\WINDOWS\System32\fwpuclnt.dll
0x00007ffabac10000 - 0x00007ffabac1e000 	C:\Program Files\Java\jdk8u482-b08\jre\bin\sunmscapi.dll
0x00007ffacbb70000 - 0x00007ffacbccd000 	C:\WINDOWS\System32\CRYPT32.dll
0x00007ffacb1e0000 - 0x00007ffacb207000 	C:\WINDOWS\SYSTEM32\ncrypt.dll
0x00007ffacb1a0000 - 0x00007ffacb1db000 	C:\WINDOWS\SYSTEM32\NTASN1.dll
0x00007ffacaa40000 - 0x00007ffacaa73000 	C:\WINDOWS\SYSTEM32\ntmarta.dll

VM Arguments:
jvm_args: -Xmx2048m -Dfile.encoding=UTF-8 -Duser.country=FR -Duser.language=fr -Duser.variant 
java_command: org.gradle.launcher.daemon.bootstrap.GradleDaemon 6.5
java_class_path (initial): C:\Users\User\.gradle\wrapper\dists\gradle-6.5-bin\6nifqtx7604sqp1q6g8wikw7p\gradle-6.5\lib\gradle-launcher-6.5.jar
Launcher Type: SUN_STANDARD

Environment Variables:
JAVA_HOME=C:\Program Files\OpenLogic\jdk-8.0.462.08-hotspot\
PATH=C:\Program Files\OpenLogic\jdk-8.0.462.08-hotspot\bin;C:\Program Files (x86)\NVIDIA Corporation\PhysX\Common;C:\WINDOWS\system32;C:\WINDOWS;C:\WINDOWS\System32\Wbem;C:\WINDOWS\System32\WindowsPowerShell\v1.0\;C:\WINDOWS\System32\OpenSSH\;C:\Users\User\AppData\Local\Programs\Python\Python312\Scripts\;C:\Users\User\AppData\Local\Programs\Python\Python312\;C:\Users\User\AppData\Local\Programs\Python\Launcher\;C:\Users\User\AppData\Local\Microsoft\WindowsApps;C:\Users\User\AppData\Local\Programs\Microsoft VS Code\bin
USERNAME=User
OS=Windows_NT
PROCESSOR_IDENTIFIER=AMD64 Family 23 Model 24 Stepping 1, AuthenticAMD



---------------  S Y S T E M  ---------------

OS: Windows 10 , 64 bit Build 19041 (10.0.19041.5915)

CPU:total 8 (initial active 8) (8 cores per cpu, 1 threads per core) family 23 model 24 stepping 1, cmov, cx8, fxsr, mmx, sse, sse2, sse3, ssse3, sse4.1, sse4.2, popcnt, avx, avx2, aes, clmul, mmxext, 3dnowpref, lzcnt, sse4a, tsc, tscinvbit, tscinv, bmi1

Memory: 4k page, physical 6238644k(178952k free), swap 9310644k(5248k free)

vm_info: OpenJDK 64-Bit Server VM (25.482-b08) for windows-amd64 JRE (1.8.0_482-b08), built on Jan 21 2026 06:10:28 by "ContainerUser" with unknown MS VC++:1937

time: Thu Apr  2 17:11:08 2026
timezone: Paris, Madrid
elapsed time: 1030.547517 seconds (0d 0h 17m 10s)

