#
# There is insufficient memory for the Java Runtime Environment to continue.
# Native memory allocation (malloc) failed to allocate 1361616 bytes for Chunk::new
# Possible reasons:
#   The system is out of physical RAM or swap space
#   The process is running with CompressedOops enabled, and the Java Heap may be blocking the growth of the native heap
# Possible solutions:
#   Reduce memory load on the system
#   Increase physical memory or swap space
#   Check if swap backing store is full
#   Decrease Java heap size (-Xmx/-Xms)
#   Decrease number of Java threads
#   Decrease Java thread stack sizes (-Xss)
#   Set larger code cache with -XX:ReservedCodeCacheSize=
#   JVM is running with Unscaled Compressed Oops mode in which the Java heap is
#     placed in the first 4GB address space. The Java Heap base address is the
#     maximum limit for the native heap growth. Please use -XX:HeapBaseMinAddress
#     to set the Java Heap base and to place the Java Heap above 4GB virtual address.
# This output file may be truncated or incomplete.
#
#  Out of Memory Error (allocation.cpp:389), pid=10532, tid=0x00000000000029e8
#
# JRE version: OpenJDK Runtime Environment (8.0_482-b08) (build 1.8.0_482-b08)
# Java VM: OpenJDK 64-Bit Server VM (25.482-b08 mixed mode windows-amd64 compressed oops)
# Failed to write core dump. Minidumps are not enabled by default on client versions of Windows
#

---------------  T H R E A D  ---------------

Current thread (0x0000024823a9a800):  JavaThread "C2 CompilerThread0" daemon [_thread_in_native, id=10728, stack(0x0000007610000000,0x0000007610100000)]

Stack: [0x0000007610000000,0x0000007610100000]
[error occurred during error reporting (printing stack bounds), id 0xc0000005]

Native frames: (J=compiled Java code, j=interpreted, Vv=VM code, C=native code)


Current CompileTask:
C2:   1665 1456       4       java.net.URLClassLoader$1::run (5 bytes)


---------------  P R O C E S S  ---------------

Java Threads: ( => current thread )
  0x0000024826d06000 JavaThread "Cache worker for file hash cache (C:\Users\User\.gradle\caches\6.5\fileHashes)" [_thread_blocked, id=12984, stack(0x0000007611400000,0x0000007611500000)]
  0x0000024826d09000 JavaThread "File lock request listener" [_thread_in_native, id=12040, stack(0x0000007611300000,0x0000007611400000)]
  0x0000024826d08800 JavaThread "Cache worker for journal cache (C:\Users\User\.gradle\caches\journal-1)" [_thread_blocked, id=6376, stack(0x0000007611200000,0x0000007611300000)]
  0x0000024826c6d000 JavaThread "Thread-9" [_thread_blocked, id=9552, stack(0x0000007611100000,0x0000007611200000)]
  0x0000024826c22800 JavaThread "Stdin handler" [_thread_blocked, id=7196, stack(0x0000007611000000,0x0000007611100000)]
  0x0000024826c6e800 JavaThread "Asynchronous log dispatcher for DefaultDaemonConnection: socket connection from /127.0.0.1:51650 to /127.0.0.1:51651" [_thread_blocked, id=1284, stack(0x0000007610f00000,0x0000007611000000)]
  0x0000024826c1e000 JavaThread "Daemon worker" [_thread_in_vm, id=12008, stack(0x0000007610e00000,0x0000007610f00000)]
  0x0000024826c1a000 JavaThread "Cancel handler" [_thread_blocked, id=12364, stack(0x0000007610d00000,0x0000007610e00000)]
  0x0000024826bc4800 JavaThread "Handler for socket connection from /127.0.0.1:51650 to /127.0.0.1:51651" [_thread_in_native, id=1528, stack(0x0000007610c00000,0x0000007610d00000)]
  0x0000024826be5800 JavaThread "Daemon" [_thread_blocked, id=10540, stack(0x0000007610b00000,0x0000007610c00000)]
  0x0000024826b5b000 JavaThread "Daemon periodic checks" [_thread_blocked, id=8428, stack(0x0000007610a00000,0x0000007610b00000)]
  0x0000024826b63800 JavaThread "Incoming local TCP Connector on port 51650" [_thread_in_native, id=9132, stack(0x0000007610900000,0x0000007610a00000)]
  0x0000024826b0b800 JavaThread "Daemon health stats" [_thread_blocked, id=3468, stack(0x0000007610600000,0x0000007610700000)]
  0x0000024824e80800 JavaThread "Service Thread" daemon [_thread_blocked, id=11076, stack(0x0000007610400000,0x0000007610500000)]
  0x0000024823aa5800 JavaThread "C1 CompilerThread3" daemon [_thread_blocked, id=10936, stack(0x0000007610300000,0x0000007610400000)]
  0x0000024823aa2000 JavaThread "C2 CompilerThread2" daemon [_thread_blocked, id=1036, stack(0x0000007610200000,0x0000007610300000)]
  0x0000024823a9e800 JavaThread "C2 CompilerThread1" daemon [_thread_in_native, id=12044, stack(0x0000007610100000,0x0000007610200000)]
=>0x0000024823a9a800 JavaThread "C2 CompilerThread0" daemon [_thread_in_native, id=10728, stack(0x0000007610000000,0x0000007610100000)]
  0x0000024823a93000 JavaThread "Attach Listener" daemon [_thread_blocked, id=9876, stack(0x000000760ff00000,0x0000007610000000)]
  0x0000024823a92000 JavaThread "Signal Dispatcher" daemon [_thread_blocked, id=6872, stack(0x000000760fe00000,0x000000760ff00000)]
  0x0000024822e6d800 JavaThread "Finalizer" daemon [_thread_blocked, id=12908, stack(0x000000760fd00000,0x000000760fe00000)]
  0x0000024823a6a000 JavaThread "Reference Handler" daemon [_thread_blocked, id=12248, stack(0x000000760fc00000,0x000000760fd00000)]
  0x000002480cd25000 JavaThread "main" [_thread_blocked, id=3940, stack(0x000000760f200000,0x000000760f300000)]

Other Threads:
  0x0000024823a42800 VMThread [stack: 0x000000760fb00000,0x000000760fc00000] [id=13028]
  0x0000024824e81000 WatcherThread [stack: 0x0000007610500000,0x0000007610600000] [id=10248]

VM state:not at safepoint (normal execution)

VM Mutex/Monitor currently owned by a thread: None

heap address: 0x0000000080000000, size: 2048 MB, Compressed Oops mode: 32-bit
Narrow klass base: 0x0000000000000000, Narrow klass shift: 3
Compressed class space size: 1073741824 Address: 0x0000000100000000

Heap:
 PSYoungGen      total 53248K, used 13726K [0x00000000d5580000, 0x00000000dc780000, 0x0000000100000000)
  eden space 49152K, 19% used [0x00000000d5580000,0x00000000d5eeb890,0x00000000d8580000)
  from space 4096K, 99% used [0x00000000d8580000,0x00000000d897c010,0x00000000d8980000)
  to   space 9216K, 0% used [0x00000000dbe80000,0x00000000dbe80000,0x00000000dc780000)
 ParOldGen       total 65536K, used 6766K [0x0000000080000000, 0x0000000084000000, 0x00000000d5580000)
  object space 65536K, 10% used [0x0000000080000000,0x000000008069bb88,0x0000000084000000)
 Metaspace       used 17215K, capacity 17868K, committed 18048K, reserved 1064960K
  class space    used 2387K, capacity 2566K, committed 2688K, reserved 1048576K

Card table byte_map: [0x000002481dab0000,0x000002481dec0000] byte_map_base: 0x000002481d6b0000

Marking Bits: (ParMarkBitMap*) 0x0000000055d1f940
 Begin Bits: [0x000002481e170000, 0x0000024820170000)
 End Bits:   [0x0000024820170000, 0x0000024822170000)

Polling page: 0x000002480ce30000

CodeCache: size=245760Kb used=5444Kb max_used=5448Kb free=240315Kb
 bounds [0x000002480e6f0000, 0x000002480ec50000, 0x000002481d6f0000]
 total_blobs=1930 nmethods=1529 adapters=314
 compilation: enabled

Compilation events (10 events):
Event: 1.657 Thread 0x0000024823aa5800 nmethod 1531 0x000002480ec3d590 code [0x000002480ec3d700, 0x000002480ec3da50]
Event: 1.657 Thread 0x0000024823aa5800 1530       3       java.lang.Class::isAnnotation (17 bytes)
Event: 1.658 Thread 0x0000024823aa5800 nmethod 1530 0x000002480ec3dbd0 code [0x000002480ec3dd40, 0x000002480ec3dfb0]
Event: 1.662 Thread 0x0000024823aa2000 nmethod 1519 0x000002480ec41e50 code [0x000002480ec42020, 0x000002480ec43178]
Event: 1.662 Thread 0x0000024823aa2000 1524       4       java.util.HashMap::hash (20 bytes)
Event: 1.663 Thread 0x0000024823aa5800 1532       1       java.util.Collections$EmptyList::isEmpty (2 bytes)
Event: 1.663 Thread 0x0000024823aa5800 nmethod 1532 0x000002480ec41b90 code [0x000002480ec41ce0, 0x000002480ec41df8]
Event: 1.663 Thread 0x0000024823aa5800 1533       3       org.gradle.internal.service.DefaultServiceRegistry::find (142 bytes)
Event: 1.663 Thread 0x0000024823aa2000 nmethod 1524 0x000002480ec3ec10 code [0x000002480ec3ed60, 0x000002480ec3ee18]
Event: 1.663 Thread 0x0000024823aa5800 nmethod 1533 0x000002480ec3efd0 code [0x000002480ec3f320, 0x000002480ec40ea0]

GC Heap History (10 events):
Event: 0.529 GC heap before
{Heap before GC invocations=1 (full 0):
 PSYoungGen      total 28672K, used 24576K [0x00000000d5580000, 0x00000000d7580000, 0x0000000100000000)
  eden space 24576K, 100% used [0x00000000d5580000,0x00000000d6d80000,0x00000000d6d80000)
  from space 4096K, 0% used [0x00000000d7180000,0x00000000d7180000,0x00000000d7580000)
  to   space 4096K, 0% used [0x00000000d6d80000,0x00000000d6d80000,0x00000000d7180000)
 ParOldGen       total 65536K, used 0K [0x0000000080000000, 0x0000000084000000, 0x00000000d5580000)
  object space 65536K, 0% used [0x0000000080000000,0x0000000080000000,0x0000000084000000)
 Metaspace       used 7023K, capacity 7332K, committed 7424K, reserved 1056768K
  class space    used 880K, capacity 976K, committed 1024K, reserved 1048576K
Event: 0.533 GC heap after
Heap after GC invocations=1 (full 0):
 PSYoungGen      total 28672K, used 3634K [0x00000000d5580000, 0x00000000d7580000, 0x0000000100000000)
  eden space 24576K, 0% used [0x00000000d5580000,0x00000000d5580000,0x00000000d6d80000)
  from space 4096K, 88% used [0x00000000d6d80000,0x00000000d710caa8,0x00000000d7180000)
  to   space 4096K, 0% used [0x00000000d7180000,0x00000000d7180000,0x00000000d7580000)
 ParOldGen       total 65536K, used 16K [0x0000000080000000, 0x0000000084000000, 0x00000000d5580000)
  object space 65536K, 0% used [0x0000000080000000,0x0000000080004000,0x0000000084000000)
 Metaspace       used 7023K, capacity 7332K, committed 7424K, reserved 1056768K
  class space    used 880K, capacity 976K, committed 1024K, reserved 1048576K
}
Event: 0.747 GC heap before
{Heap before GC invocations=2 (full 0):
 PSYoungGen      total 28672K, used 28210K [0x00000000d5580000, 0x00000000d7580000, 0x0000000100000000)
  eden space 24576K, 100% used [0x00000000d5580000,0x00000000d6d80000,0x00000000d6d80000)
  from space 4096K, 88% used [0x00000000d6d80000,0x00000000d710caa8,0x00000000d7180000)
  to   space 4096K, 0% used [0x00000000d7180000,0x00000000d7180000,0x00000000d7580000)
 ParOldGen       total 65536K, used 16K [0x0000000080000000, 0x0000000084000000, 0x00000000d5580000)
  object space 65536K, 0% used [0x0000000080000000,0x0000000080004000,0x0000000084000000)
 Metaspace       used 7694K, capacity 7978K, committed 8320K, reserved 1056768K
  class space    used 958K, capacity 1041K, committed 1152K, reserved 1048576K
Event: 0.749 GC heap after
Heap after GC invocations=2 (full 0):
 PSYoungGen      total 28672K, used 3053K [0x00000000d5580000, 0x00000000d7580000, 0x0000000100000000)
  eden space 24576K, 0% used [0x00000000d5580000,0x00000000d5580000,0x00000000d6d80000)
  from space 4096K, 74% used [0x00000000d7180000,0x00000000d747b710,0x00000000d7580000)
  to   space 4096K, 0% used [0x00000000d6d80000,0x00000000d6d80000,0x00000000d7180000)
 ParOldGen       total 65536K, used 24K [0x0000000080000000, 0x0000000084000000, 0x00000000d5580000)
  object space 65536K, 0% used [0x0000000080000000,0x0000000080006000,0x0000000084000000)
 Metaspace       used 7694K, capacity 7978K, committed 8320K, reserved 1056768K
  class space    used 958K, capacity 1041K, committed 1152K, reserved 1048576K
}
Event: 0.878 GC heap before
{Heap before GC invocations=3 (full 0):
 PSYoungGen      total 28672K, used 27629K [0x00000000d5580000, 0x00000000d7580000, 0x0000000100000000)
  eden space 24576K, 100% used [0x00000000d5580000,0x00000000d6d80000,0x00000000d6d80000)
  from space 4096K, 74% used [0x00000000d7180000,0x00000000d747b710,0x00000000d7580000)
  to   space 4096K, 0% used [0x00000000d6d80000,0x00000000d6d80000,0x00000000d7180000)
 ParOldGen       total 65536K, used 24K [0x0000000080000000, 0x0000000084000000, 0x00000000d5580000)
  object space 65536K, 0% used [0x0000000080000000,0x0000000080006000,0x0000000084000000)
 Metaspace       used 8117K, capacity 8482K, committed 8576K, reserved 1056768K
  class space    used 1044K, capacity 1145K, committed 1152K, reserved 1048576K
Event: 0.880 GC heap after
Heap after GC invocations=3 (full 0):
 PSYoungGen      total 28672K, used 3821K [0x00000000d5580000, 0x00000000d8d80000, 0x0000000100000000)
  eden space 24576K, 0% used [0x00000000d5580000,0x00000000d5580000,0x00000000d6d80000)
  from space 4096K, 93% used [0x00000000d6d80000,0x00000000d713b7e0,0x00000000d7180000)
  to   space 4096K, 0% used [0x00000000d8980000,0x00000000d8980000,0x00000000d8d80000)
 ParOldGen       total 65536K, used 32K [0x0000000080000000, 0x0000000084000000, 0x00000000d5580000)
  object space 65536K, 0% used [0x0000000080000000,0x0000000080008000,0x0000000084000000)
 Metaspace       used 8117K, capacity 8482K, committed 8576K, reserved 1056768K
  class space    used 1044K, capacity 1145K, committed 1152K, reserved 1048576K
}
Event: 1.263 GC heap before
{Heap before GC invocations=4 (full 0):
 PSYoungGen      total 28672K, used 28397K [0x00000000d5580000, 0x00000000d8d80000, 0x0000000100000000)
  eden space 24576K, 100% used [0x00000000d5580000,0x00000000d6d80000,0x00000000d6d80000)
  from space 4096K, 93% used [0x00000000d6d80000,0x00000000d713b7e0,0x00000000d7180000)
  to   space 4096K, 0% used [0x00000000d8980000,0x00000000d8980000,0x00000000d8d80000)
 ParOldGen       total 65536K, used 32K [0x0000000080000000, 0x0000000084000000, 0x00000000d5580000)
  object space 65536K, 0% used [0x0000000080000000,0x0000000080008000,0x0000000084000000)
 Metaspace       used 12296K, capacity 12712K, committed 12928K, reserved 1060864K
  class space    used 1676K, capacity 1794K, committed 1920K, reserved 1048576K
Event: 1.266 GC heap after
Heap after GC invocations=4 (full 0):
 PSYoungGen      total 53248K, used 4080K [0x00000000d5580000, 0x00000000d8d80000, 0x0000000100000000)
  eden space 49152K, 0% used [0x00000000d5580000,0x00000000d5580000,0x00000000d8580000)
  from space 4096K, 99% used [0x00000000d8980000,0x00000000d8d7c010,0x00000000d8d80000)
  to   space 4096K, 0% used [0x00000000d8580000,0x00000000d8580000,0x00000000d8980000)
 ParOldGen       total 65536K, used 1835K [0x0000000080000000, 0x0000000084000000, 0x00000000d5580000)
  object space 65536K, 2% used [0x0000000080000000,0x00000000801caeb8,0x0000000084000000)
 Metaspace       used 12296K, capacity 12712K, committed 12928K, reserved 1060864K
  class space    used 1676K, capacity 1794K, committed 1920K, reserved 1048576K
}
Event: 1.609 GC heap before
{Heap before GC invocations=5 (full 0):
 PSYoungGen      total 53248K, used 53232K [0x00000000d5580000, 0x00000000d8d80000, 0x0000000100000000)
  eden space 49152K, 100% used [0x00000000d5580000,0x00000000d8580000,0x00000000d8580000)
  from space 4096K, 99% used [0x00000000d8980000,0x00000000d8d7c010,0x00000000d8d80000)
  to   space 4096K, 0% used [0x00000000d8580000,0x00000000d8580000,0x00000000d8980000)
 ParOldGen       total 65536K, used 1835K [0x0000000080000000, 0x0000000084000000, 0x00000000d5580000)
  object space 65536K, 2% used [0x0000000080000000,0x00000000801caeb8,0x0000000084000000)
 Metaspace       used 16836K, capacity 17544K, committed 17664K, reserved 1064960K
  class space    used 2309K, capacity 2500K, committed 2560K, reserved 1048576K
Event: 1.615 GC heap after
Heap after GC invocations=5 (full 0):
 PSYoungGen      total 53248K, used 4080K [0x00000000d5580000, 0x00000000dc780000, 0x0000000100000000)
  eden space 49152K, 0% used [0x00000000d5580000,0x00000000d5580000,0x00000000d8580000)
  from space 4096K, 99% used [0x00000000d8580000,0x00000000d897c010,0x00000000d8980000)
  to   space 9216K, 0% used [0x00000000dbe80000,0x00000000dbe80000,0x00000000dc780000)
 ParOldGen       total 65536K, used 6766K [0x0000000080000000, 0x0000000084000000, 0x00000000d5580000)
  object space 65536K, 10% used [0x0000000080000000,0x000000008069bb88,0x0000000084000000)
 Metaspace       used 16836K, capacity 17544K, committed 17664K, reserved 1064960K
  class space    used 2309K, capacity 2500K, committed 2560K, reserved 1048576K
}

Deoptimization events (10 events):
Event: 1.431 Thread 0x0000024826c1e000 Uncommon trap: reason=class_check action=maybe_recompile pc=0x000002480ea3ff94 method=java.util.regex.Matcher.match(II)Z @ 86
Event: 1.432 Thread 0x0000024826c1e000 Uncommon trap: reason=class_check action=maybe_recompile pc=0x000002480ea3ff94 method=java.util.regex.Matcher.match(II)Z @ 86
Event: 1.432 Thread 0x0000024826c1e000 Uncommon trap: reason=class_check action=maybe_recompile pc=0x000002480e8afdbc method=java.util.regex.Matcher.match(II)Z @ 86
Event: 1.493 Thread 0x0000024826c1e000 Uncommon trap: reason=unstable_if action=reinterpret pc=0x000002480ea205c4 method=java.io.File.getName()Ljava/lang/String; @ 16
Event: 1.493 Thread 0x0000024826c1e000 Uncommon trap: reason=unstable_if action=reinterpret pc=0x000002480ea1f938 method=java.lang.String.substring(I)Ljava/lang/String; @ 35
Event: 1.648 Thread 0x0000024826c1e000 Uncommon trap: reason=unstable_if action=reinterpret pc=0x000002480ea37030 method=java.util.LinkedHashMap.afterNodeInsertion(Z)V @ 1
Event: 1.648 Thread 0x0000024826c1e000 Uncommon trap: reason=unstable_if action=reinterpret pc=0x000002480e96bb04 method=java.util.HashMap.getNode(ILjava/lang/Object;)Ljava/util/HashMap$Node; @ 129
Event: 1.648 Thread 0x0000024826c1e000 Uncommon trap: reason=bimorphic action=maybe_recompile pc=0x000002480eb994ec method=java.util.HashMap.putVal(ILjava/lang/Object;Ljava/lang/Object;ZZ)Ljava/lang/Object; @ 203
Event: 1.651 Thread 0x0000024826c1e000 Uncommon trap: reason=unstable_if action=reinterpret pc=0x000002480e968604 method=java.util.HashMap.getNode(ILjava/lang/Object;)Ljava/util/HashMap$Node; @ 129
Event: 1.651 Thread 0x0000024826c1e000 Uncommon trap: reason=bimorphic action=maybe_recompile pc=0x000002480eb994ec method=java.util.HashMap.putVal(ILjava/lang/Object;Ljava/lang/Object;ZZ)Ljava/lang/Object; @ 203

Classes redefined (0 events):
No events

Internal exceptions (10 events):
Event: 1.228 Thread 0x0000024826bc4800 Exception <a 'java/lang/NoSuchMethodError': <clinit>> (0x00000000d6b084a8) thrown at [C:\workspace\openjdk-build\workspace\build\src\hotspot\src\share\vm\prims\jni.cpp, line 1617]
Event: 1.228 Thread 0x0000024826bc4800 Exception <a 'java/lang/NoSuchMethodError': <clinit>> (0x00000000d6b11bb0) thrown at [C:\workspace\openjdk-build\workspace\build\src\hotspot\src\share\vm\prims\jni.cpp, line 1617]
Event: 1.229 Thread 0x0000024826bc4800 Exception <a 'java/lang/NoSuchMethodError': <clinit>> (0x00000000d6b261b0) thrown at [C:\workspace\openjdk-build\workspace\build\src\hotspot\src\share\vm\prims\jni.cpp, line 1617]
Event: 1.236 Thread 0x0000024826bc4800 Exception <a 'java/lang/NoSuchMethodError': <clinit>> (0x00000000d6b93328) thrown at [C:\workspace\openjdk-build\workspace\build\src\hotspot\src\share\vm\prims\jni.cpp, line 1617]
Event: 1.239 Thread 0x0000024826bc4800 Exception <a 'java/lang/NoSuchMethodError': <clinit>> (0x00000000d6bcd9c0) thrown at [C:\workspace\openjdk-build\workspace\build\src\hotspot\src\share\vm\prims\jni.cpp, line 1617]
Event: 1.242 Thread 0x0000024826bc4800 Exception <a 'java/lang/NoSuchMethodError': <clinit>> (0x00000000d6c03698) thrown at [C:\workspace\openjdk-build\workspace\build\src\hotspot\src\share\vm\prims\jni.cpp, line 1617]
Event: 1.243 Thread 0x0000024826bc4800 Exception <a 'java/lang/NoSuchMethodError': <clinit>> (0x00000000d6c0fbc8) thrown at [C:\workspace\openjdk-build\workspace\build\src\hotspot\src\share\vm\prims\jni.cpp, line 1617]
Event: 1.518 Thread 0x0000024826c1e000 Exception <a 'java/lang/NoSuchMethodError': java.lang.Object.lambda$and$0(Ljava/util/function/Predicate;Ljava/lang/Object;)Z> (0x00000000d7843ac8) thrown at [C:\workspace\openjdk-build\workspace\build\src\hotspot\src\share\vm\interpreter\linkResolver.cpp,
Event: 1.521 Thread 0x0000024826c1e000 Exception <a 'java/lang/IncompatibleClassChangeError': Found class java.lang.Object, but interface was expected> (0x00000000d7853dc0) thrown at [C:\workspace\openjdk-build\workspace\build\src\hotspot\src\share\vm\interpreter\linkResolver.cpp, line 653]
Event: 1.522 Thread 0x0000024826c1e000 Exception <a 'java/lang/NoSuchMethodError': java.lang.Object.lambda$or$2(Ljava/util/function/Predicate;Ljava/lang/Object;)Z> (0x00000000d7858910) thrown at [C:\workspace\openjdk-build\workspace\build\src\hotspot\src\share\vm\interpreter\linkResolver.cpp, 

Events (10 events):
Event: 1.662 loading class org/gradle/api/internal/artifacts/DefaultBuildIdentifier
Event: 1.662 loading class org/gradle/api/internal/artifacts/DefaultBuildIdentifier done
Event: 1.663 loading class org/gradle/internal/operations/DelegatingBuildOperationExecutor
Event: 1.663 loading class org/gradle/internal/operations/DelegatingBuildOperationExecutor done
Event: 1.663 loading class org/gradle/internal/operations/DefaultBuildOperationExecutor
Event: 1.663 loading class org/gradle/internal/operations/DefaultBuildOperationExecutor done
Event: 1.664 loading class org/gradle/internal/operations/BuildOperationWorker
Event: 1.664 loading class org/gradle/internal/operations/BuildOperationWorker done
Event: 1.664 loading class org/gradle/internal/operations/DefaultBuildOperationExecutor$BuildOperationExecutionListener
Event: 1.664 loading class org/gradle/internal/operations/DefaultBuildOperationExecutor$BuildOperationExecutionListener done


Dynamic libraries:
0x00007ff6c3cd0000 - 0x00007ff6c3d1d000 	C:\Program Files\Java\jdk8u482-b08\bin\java.exe
0x00007fface190000 - 0x00007fface388000 	C:\WINDOWS\SYSTEM32\ntdll.dll
0x00007ffacc290000 - 0x00007ffacc352000 	C:\WINDOWS\System32\KERNEL32.DLL
0x00007ffacbd00000 - 0x00007ffacbff6000 	C:\WINDOWS\System32\KERNELBASE.dll
0x00007ffacc440000 - 0x00007ffacc4f1000 	C:\WINDOWS\System32\ADVAPI32.dll
0x00007ffaccd80000 - 0x00007ffacce1e000 	C:\WINDOWS\System32\msvcrt.dll
0x00007ffacd070000 - 0x00007ffacd10f000 	C:\WINDOWS\System32\sechost.dll
0x00007fface030000 - 0x00007fface150000 	C:\WINDOWS\System32\RPCRT4.dll
0x00007ffacc180000 - 0x00007ffacc1a7000 	C:\WINDOWS\System32\bcrypt.dll
0x00007ffacd170000 - 0x00007ffacd311000 	C:\WINDOWS\System32\USER32.dll
0x00007ffacbcd0000 - 0x00007ffacbcf2000 	C:\WINDOWS\System32\win32u.dll
0x00007ffaccb80000 - 0x00007ffaccbab000 	C:\WINDOWS\System32\GDI32.dll
0x00007ffacb820000 - 0x00007ffacb939000 	C:\WINDOWS\System32\gdi32full.dll
0x00007ffacba40000 - 0x00007ffacbadd000 	C:\WINDOWS\System32\msvcp_win.dll
0x00007ffacc000000 - 0x00007ffacc100000 	C:\WINDOWS\System32\ucrtbase.dll
0x00007ffaba970000 - 0x00007ffabac0b000 	C:\WINDOWS\WinSxS\amd64_microsoft.windows.common-controls_6595b64144ccf1df_6.0.19041.6456_none_60b8a6cb71f64256\COMCTL32.dll
0x00007ffacc1c0000 - 0x00007ffacc1ef000 	C:\WINDOWS\System32\IMM32.DLL
0x00007ffaacd30000 - 0x00007ffaacd4e000 	C:\Program Files\Java\jdk8u482-b08\jre\bin\vcruntime140.dll
0x00007ffabb650000 - 0x00007ffabb65c000 	C:\Program Files\Java\jdk8u482-b08\jre\bin\vcruntime140_1.dll
0x00007ffaa6e50000 - 0x00007ffaa6edd000 	C:\Program Files\Java\jdk8u482-b08\jre\bin\msvcp140.dll
0x0000000055500000 - 0x0000000055d99000 	C:\Program Files\Java\jdk8u482-b08\jre\bin\server\jvm.dll
0x00007ffacc1f0000 - 0x00007ffacc1f8000 	C:\WINDOWS\System32\PSAPI.DLL
0x00007ffac2f40000 - 0x00007ffac2f67000 	C:\WINDOWS\SYSTEM32\WINMM.dll
0x00007ffabc640000 - 0x00007ffabc649000 	C:\WINDOWS\SYSTEM32\WSOCK32.dll
0x00007ffac4c10000 - 0x00007ffac4c1a000 	C:\WINDOWS\SYSTEM32\VERSION.dll
0x00007ffaccce0000 - 0x00007ffaccd4b000 	C:\WINDOWS\System32\WS2_32.dll
0x00007ffac96b0000 - 0x00007ffac96c2000 	C:\WINDOWS\SYSTEM32\kernel.appcore.dll
0x00007ffabb510000 - 0x00007ffabb520000 	C:\Program Files\Java\jdk8u482-b08\jre\bin\verify.dll
0x00007ffaac600000 - 0x00007ffaac62b000 	C:\Program Files\Java\jdk8u482-b08\jre\bin\java.dll
0x00007ffaac130000 - 0x00007ffaac148000 	C:\Program Files\Java\jdk8u482-b08\jre\bin\zip.dll
0x00007ffacd320000 - 0x00007ffacda90000 	C:\WINDOWS\System32\SHELL32.dll
0x00007ffac98b0000 - 0x00007ffaca055000 	C:\WINDOWS\SYSTEM32\windows.storage.dll
0x00007ffacdc00000 - 0x00007ffacdf54000 	C:\WINDOWS\System32\combase.dll
0x00007ffacb170000 - 0x00007ffacb19b000 	C:\WINDOWS\SYSTEM32\Wldp.dll
0x00007ffacdf60000 - 0x00007fface02d000 	C:\WINDOWS\System32\OLEAUT32.dll
0x00007ffaccc30000 - 0x00007ffacccdd000 	C:\WINDOWS\System32\SHCORE.dll
0x00007ffacc6b0000 - 0x00007ffacc70b000 	C:\WINDOWS\System32\shlwapi.dll
0x00007ffacb750000 - 0x00007ffacb774000 	C:\WINDOWS\SYSTEM32\profapi.dll
0x00007ffaa9830000 - 0x00007ffaa984c000 	C:\Program Files\Java\jdk8u482-b08\jre\bin\net.dll
0x00007ffacaed0000 - 0x00007ffacaf3a000 	C:\WINDOWS\system32\mswsock.dll
0x00007ffaa9810000 - 0x00007ffaa9823000 	C:\Program Files\Java\jdk8u482-b08\jre\bin\nio.dll
0x00007ffaafef0000 - 0x00007ffaaff17000 	C:\Users\User\.gradle\native\f6784746aeab05261644944871eae4fe03e0ef1612fff0a4a95f87b438bc6780\windows-amd64\native-platform.dll
0x00007ffabb0e0000 - 0x00007ffabb0ed000 	C:\Program Files\Java\jdk8u482-b08\jre\bin\management.dll
0x00007ffacb0c0000 - 0x00007ffacb0d8000 	C:\WINDOWS\SYSTEM32\CRYPTSP.dll
0x00007ffaca7f0000 - 0x00007ffaca828000 	C:\WINDOWS\system32\rsaenh.dll
0x00007ffacb710000 - 0x00007ffacb73e000 	C:\WINDOWS\SYSTEM32\USERENV.dll
0x00007ffacbae0000 - 0x00007ffacbb62000 	C:\WINDOWS\System32\bcryptprimitives.dll
0x00007ffacb0e0000 - 0x00007ffacb0ec000 	C:\WINDOWS\SYSTEM32\CRYPTBASE.dll
0x00007ffacabb0000 - 0x00007ffacabeb000 	C:\WINDOWS\SYSTEM32\IPHLPAPI.DLL
0x00007ffacc1b0000 - 0x00007ffacc1b8000 	C:\WINDOWS\System32\NSI.dll
0x00007ffac64f0000 - 0x00007ffac6507000 	C:\WINDOWS\SYSTEM32\dhcpcsvc6.DLL
0x00007ffac6660000 - 0x00007ffac667d000 	C:\WINDOWS\SYSTEM32\dhcpcsvc.DLL
0x00007ffacabf0000 - 0x00007ffacacba000 	C:\WINDOWS\SYSTEM32\DNSAPI.dll
0x00007ffac69d0000 - 0x00007ffac69db000 	C:\WINDOWS\SYSTEM32\WINNSI.DLL

VM Arguments:
jvm_args: -Xmx2048m -Dfile.encoding=UTF-8 -Duser.country=FR -Duser.language=fr -Duser.variant 
java_command: org.gradle.launcher.daemon.bootstrap.GradleDaemon 6.5
java_class_path (initial): C:\Users\User\.gradle\wrapper\dists\gradle-6.5-all\2oz4ud9k3tuxjg84bbf55q0tn\gradle-6.5\lib\gradle-launcher-6.5.jar
Launcher Type: SUN_STANDARD

Environment Variables:
JAVA_HOME=C:\Program Files\OpenLogic\jdk-8.0.462.08-hotspot\
PATH=C:\Program Files\OpenLogic\jdk-8.0.462.08-hotspot\bin;C:\Program Files (x86)\NVIDIA Corporation\PhysX\Common;C:\WINDOWS\system32;C:\WINDOWS;C:\WINDOWS\System32\Wbem;C:\WINDOWS\System32\WindowsPowerShell\v1.0\;C:\WINDOWS\System32\OpenSSH\;C:\Users\User\AppData\Local\Programs\Python\Python312\Scripts\;C:\Users\User\AppData\Local\Programs\Python\Python312\;C:\Users\User\AppData\Local\Programs\Python\Launcher\;C:\Users\User\AppData\Local\Microsoft\WindowsApps;C:\Users\User\AppData\Local\Programs\Microsoft VS Code\bin
USERNAME=User
OS=Windows_NT
PROCESSOR_IDENTIFIER=AMD64 Family 23 Model 24 Stepping 1, AuthenticAMD



---------------  S Y S T E M  ---------------

OS: Windows 10 , 64 bit Build 19041 (10.0.19041.5915)

CPU:total 8 (initial active 8) (8 cores per cpu, 1 threads per core) family 23 model 24 stepping 1, cmov, cx8, fxsr, mmx, sse, sse2, sse3, ssse3, sse4.1, sse4.2, popcnt, avx, avx2, aes, clmul, mmxext, 3dnowpref, lzcnt, sse4a, tsc, tscinvbit, tscinv, bmi1

Memory: 4k page, physical 6238644k(303864k free), swap 9310644k(11064k free)

vm_info: OpenJDK 64-Bit Server VM (25.482-b08) for windows-amd64 JRE (1.8.0_482-b08), built on Jan 21 2026 06:10:28 by "ContainerUser" with unknown MS VC++:1937

time: Thu Apr  2 18:07:54 2026
timezone: Paris, Madrid
elapsed time: 1.668607 seconds (0d 0h 0m 1s)

