#
# There is insufficient memory for the Java Runtime Environment to continue.
# Native memory allocation (malloc) failed to allocate 1486416 bytes for Chunk::new
# Possible reasons:
#   The system is out of physical RAM or swap space
#   The process is running with CompressedOops enabled, and the Java Heap may be blocking the growth of the native heap
# Possible solutions:
#   Reduce memory load on the system
#   Increase physical memory or swap space
#   Check if swap backing store is full
#   Decrease Java heap size (-Xmx/-Xms)
#   Decrease number of Java threads
#   Decrease Java thread stack sizes (-Xss)
#   Set larger code cache with -XX:ReservedCodeCacheSize=
#   JVM is running with Unscaled Compressed Oops mode in which the Java heap is
#     placed in the first 4GB address space. The Java Heap base address is the
#     maximum limit for the native heap growth. Please use -XX:HeapBaseMinAddress
#     to set the Java Heap base and to place the Java Heap above 4GB virtual address.
# This output file may be truncated or incomplete.
#
#  Out of Memory Error (allocation.cpp:389), pid=10008, tid=0x0000000000001c18
#
# JRE version: OpenJDK Runtime Environment (8.0_482-b08) (build 1.8.0_482-b08)
# Java VM: OpenJDK 64-Bit Server VM (25.482-b08 mixed mode windows-amd64 compressed oops)
# Failed to write core dump. Minidumps are not enabled by default on client versions of Windows
#

---------------  T H R E A D  ---------------

Current thread (0x0000022810216800):  JavaThread "C2 CompilerThread1" daemon [_thread_in_native, id=7192, stack(0x000000717a600000,0x000000717a700000)]

Stack: [0x000000717a600000,0x000000717a700000]
[error occurred during error reporting (printing stack bounds), id 0xc0000005]

Native frames: (J=compiled Java code, j=interpreted, Vv=VM code, C=native code)


Current CompileTask:
C2:   7783 6423       4       groovy.lang.MetaClassImpl::inheritInterfaceNewMetaMethods (199 bytes)


---------------  P R O C E S S  ---------------

Java Threads: ( => current thread )
  0x00000228182e2800 JavaThread "Memory manager" [_thread_blocked, id=10048, stack(0x0000007102500000,0x0000007102600000)]
  0x00000228182dd800 JavaThread "Cache worker for execution history cache (C:\Users\User\AndroidStudioProjects\MyGroceryApp\.gradle\6.5\executionHistory)" [_thread_blocked, id=12368, stack(0x0000007102c00000,0x0000007102d00000)]
  0x000002281556b000 JavaThread "jar transforms Thread 92" [_thread_blocked, id=12564, stack(0x0000007102400000,0x0000007102500000)]
  0x000002281555e000 JavaThread "jar transforms Thread 91" [_thread_blocked, id=10596, stack(0x0000007102300000,0x0000007102400000)]
  0x0000022815565000 JavaThread "jar transforms Thread 90" [_thread_blocked, id=7684, stack(0x0000007102200000,0x0000007102300000)]
  0x000002281555d000 JavaThread "jar transforms Thread 89" [_thread_blocked, id=3164, stack(0x0000007102100000,0x0000007102200000)]
  0x000002281555e800 JavaThread "jar transforms Thread 88" [_thread_blocked, id=2020, stack(0x0000007102000000,0x0000007102100000)]
  0x0000022815564000 JavaThread "jar transforms Thread 87" [_thread_blocked, id=9508, stack(0x0000007101f00000,0x0000007102000000)]
  0x0000022815563800 JavaThread "jar transforms Thread 86" [_thread_blocked, id=12856, stack(0x0000007101e00000,0x0000007101f00000)]
  0x0000022815561000 JavaThread "jar transforms Thread 85" [_thread_blocked, id=1788, stack(0x0000007101d00000,0x0000007101e00000)]
  0x0000022815562800 JavaThread "jar transforms Thread 84" [_thread_blocked, id=9084, stack(0x0000007101c00000,0x0000007101d00000)]
  0x0000022815560000 JavaThread "jar transforms Thread 83" [_thread_blocked, id=7240, stack(0x0000007101b00000,0x0000007101c00000)]
  0x000002281555f800 JavaThread "jar transforms Thread 82" [_thread_blocked, id=11832, stack(0x0000007101a00000,0x0000007101b00000)]
  0x0000022815561800 JavaThread "jar transforms Thread 81" [_thread_blocked, id=9176, stack(0x0000007101900000,0x0000007101a00000)]
  0x0000022816d06800 JavaThread "jar transforms Thread 80" [_thread_blocked, id=3964, stack(0x0000007101800000,0x0000007101900000)]
  0x0000022816d05800 JavaThread "jar transforms Thread 79" [_thread_blocked, id=10088, stack(0x0000007101700000,0x0000007101800000)]
  0x0000022816d04800 JavaThread "jar transforms Thread 78" [_thread_blocked, id=8036, stack(0x0000007101600000,0x0000007101700000)]
  0x0000022816d04000 JavaThread "jar transforms Thread 77" [_thread_blocked, id=8208, stack(0x0000007101500000,0x0000007101600000)]
  0x0000022816d03000 JavaThread "jar transforms Thread 76" [_thread_blocked, id=3088, stack(0x0000007101400000,0x0000007101500000)]
  0x0000022816cfb800 JavaThread "jar transforms Thread 75" [_thread_blocked, id=12652, stack(0x0000007101300000,0x0000007101400000)]
  0x0000022816cfd800 JavaThread "jar transforms Thread 74" [_thread_blocked, id=12724, stack(0x0000007101200000,0x0000007101300000)]
  0x0000022816d02800 JavaThread "jar transforms Thread 73" [_thread_blocked, id=916, stack(0x0000007101100000,0x0000007101200000)]
  0x0000022816d01800 JavaThread "jar transforms Thread 72" [_thread_blocked, id=5556, stack(0x0000007101000000,0x0000007101100000)]
  0x0000022816cfe800 JavaThread "jar transforms Thread 71" [_thread_blocked, id=6116, stack(0x0000007100f00000,0x0000007101000000)]
  0x0000022816cff000 JavaThread "jar transforms Thread 70" [_thread_blocked, id=7164, stack(0x0000007100e00000,0x0000007100f00000)]
  0x0000022816d00000 JavaThread "jar transforms Thread 69" [_thread_blocked, id=7688, stack(0x0000007100d00000,0x0000007100e00000)]
  0x0000022816d01000 JavaThread "jar transforms Thread 68" [_thread_blocked, id=10740, stack(0x0000007100c00000,0x0000007100d00000)]
  0x0000022816cf7800 JavaThread "jar transforms Thread 67" [_thread_blocked, id=5440, stack(0x0000007100b00000,0x0000007100c00000)]
  0x0000022816cf9800 JavaThread "jar transforms Thread 66" [_thread_blocked, id=8020, stack(0x0000007100a00000,0x0000007100b00000)]
  0x0000022816cfd000 JavaThread "jar transforms Thread 65" [_thread_blocked, id=5160, stack(0x0000007100900000,0x0000007100a00000)]
  0x0000022816cfa800 JavaThread "jar transforms Thread 64" [_thread_blocked, id=11604, stack(0x0000007100800000,0x0000007100900000)]
  0x0000022816cf8000 JavaThread "jar transforms Thread 63" [_thread_blocked, id=3452, stack(0x0000007100700000,0x0000007100800000)]
  0x0000022816cf9000 JavaThread "jar transforms Thread 62" [_thread_blocked, id=13168, stack(0x0000007100600000,0x0000007100700000)]
  0x0000022816cfc000 JavaThread "jar transforms Thread 61" [_thread_blocked, id=13224, stack(0x0000007100500000,0x0000007100600000)]
  0x00000228180f2000 JavaThread "jar transforms Thread 60" [_thread_blocked, id=7544, stack(0x0000007100400000,0x0000007100500000)]
  0x00000228180f1000 JavaThread "jar transforms Thread 59" [_thread_blocked, id=5636, stack(0x0000007100300000,0x0000007100400000)]
  0x00000228180ef800 JavaThread "jar transforms Thread 58" [_thread_blocked, id=2952, stack(0x0000007100200000,0x0000007100300000)]
  0x00000228180ef000 JavaThread "jar transforms Thread 57" [_thread_blocked, id=9092, stack(0x0000007100100000,0x0000007100200000)]
  0x00000228180f0800 JavaThread "jar transforms Thread 56" [_thread_blocked, id=8932, stack(0x0000007100000000,0x0000007100100000)]
  0x00000228180ee000 JavaThread "jar transforms Thread 55" [_thread_blocked, id=3056, stack(0x000000717ff00000,0x0000007180000000)]
  0x00000228180ed000 JavaThread "jar transforms Thread 54" [_thread_blocked, id=5668, stack(0x000000717fe00000,0x000000717ff00000)]
  0x00000228180ec800 JavaThread "jar transforms Thread 53" [_thread_blocked, id=2960, stack(0x000000717fd00000,0x000000717fe00000)]
  0x00000228180e4800 JavaThread "jar transforms Thread 52" [_thread_blocked, id=9700, stack(0x000000717fc00000,0x000000717fd00000)]
  0x00000228180eb800 JavaThread "jar transforms Thread 51" [_thread_blocked, id=12632, stack(0x000000717fb00000,0x000000717fc00000)]
  0x00000228180e7000 JavaThread "jar transforms Thread 50" [_thread_blocked, id=6260, stack(0x000000717fa00000,0x000000717fb00000)]
  0x00000228180e4000 JavaThread "jar transforms Thread 49" [_thread_blocked, id=2720, stack(0x000000717f900000,0x000000717fa00000)]
  0x00000228180e9800 JavaThread "jar transforms Thread 48" [_thread_blocked, id=9484, stack(0x000000717f800000,0x000000717f900000)]
  0x00000228180eb000 JavaThread "jar transforms Thread 47" [_thread_blocked, id=8788, stack(0x000000717f700000,0x000000717f800000)]
  0x00000228180e5800 JavaThread "jar transforms Thread 46" [_thread_blocked, id=2988, stack(0x000000717f600000,0x000000717f700000)]
  0x00000228180e7800 JavaThread "jar transforms Thread 45" [_thread_blocked, id=9020, stack(0x000000717f500000,0x000000717f600000)]
  0x00000228180e3000 JavaThread "jar transforms Thread 44" [_thread_blocked, id=8880, stack(0x000000717f400000,0x000000717f500000)]
  0x00000228180ea000 JavaThread "jar transforms Thread 43" [_thread_blocked, id=11852, stack(0x000000717f300000,0x000000717f400000)]
  0x00000228180e6000 JavaThread "jar transforms Thread 42" [_thread_blocked, id=3824, stack(0x000000717f200000,0x000000717f300000)]
  0x00000228180e8800 JavaThread "jar transforms Thread 41" [_thread_blocked, id=9956, stack(0x000000717f100000,0x000000717f200000)]
  0x00000228154df800 JavaThread "jar transforms Thread 40" [_thread_blocked, id=12852, stack(0x000000717f000000,0x000000717f100000)]
  0x00000228154da000 JavaThread "jar transforms Thread 39" [_thread_blocked, id=7408, stack(0x000000717ef00000,0x000000717f000000)]
  0x00000228154d8000 JavaThread "jar transforms Thread 38" [_thread_blocked, id=6200, stack(0x000000717ee00000,0x000000717ef00000)]
  0x00000228154dc000 JavaThread "jar transforms Thread 37" [_thread_blocked, id=6508, stack(0x000000717ed00000,0x000000717ee00000)]
  0x00000228154de800 JavaThread "jar transforms Thread 36" [_thread_blocked, id=10056, stack(0x000000717ec00000,0x000000717ed00000)]
  0x00000228154d9000 JavaThread "jar transforms Thread 35" [_thread_blocked, id=6876, stack(0x000000717eb00000,0x000000717ec00000)]
  0x00000228154db800 JavaThread "jar transforms Thread 34" [_thread_blocked, id=11872, stack(0x000000717ea00000,0x000000717eb00000)]
  0x00000228154dd800 JavaThread "jar transforms Thread 33" [_thread_blocked, id=4748, stack(0x000000717e900000,0x000000717ea00000)]
  0x00000228154da800 JavaThread "jar transforms Thread 32" [_thread_blocked, id=11824, stack(0x000000717e800000,0x000000717e900000)]
  0x00000228154dd000 JavaThread "jar transforms Thread 31" [_thread_blocked, id=13288, stack(0x000000717e700000,0x000000717e800000)]
  0x00000228151a4000 JavaThread "jar transforms Thread 30" [_thread_blocked, id=5840, stack(0x000000717e600000,0x000000717e700000)]
  0x00000228151a1000 JavaThread "jar transforms Thread 29" [_thread_blocked, id=3536, stack(0x000000717e500000,0x000000717e600000)]
  0x00000228151a3800 JavaThread "jar transforms Thread 28" [_thread_blocked, id=7376, stack(0x000000717e400000,0x000000717e500000)]
  0x000002281519f800 JavaThread "jar transforms Thread 27" [_thread_blocked, id=4040, stack(0x000000717e300000,0x000000717e400000)]
  0x00000228151a1800 JavaThread "jar transforms Thread 26" [_thread_blocked, id=12072, stack(0x000000717e200000,0x000000717e300000)]
  0x000002281519e800 JavaThread "Build operations Thread 8" [_thread_blocked, id=4948, stack(0x000000717e100000,0x000000717e200000)]
  0x00000228151a0000 JavaThread "Build operations Thread 7" [_thread_blocked, id=13160, stack(0x000000717e000000,0x000000717e100000)]
  0x00000228151a2800 JavaThread "Build operations Thread 6" [_thread_blocked, id=7680, stack(0x000000717df00000,0x000000717e000000)]
  0x0000022815197000 JavaThread "Build operations Thread 5" [_thread_in_Java, id=7428, stack(0x000000717de00000,0x000000717df00000)]
  0x000002281519e000 JavaThread "Build operations Thread 4" [_thread_blocked, id=4048, stack(0x000000717dd00000,0x000000717de00000)]
  0x0000022815196000 JavaThread "Build operations Thread 3" [_thread_blocked, id=10396, stack(0x000000717dc00000,0x000000717dd00000)]
  0x0000022815198800 JavaThread "Build operations Thread 2" [_thread_blocked, id=6228, stack(0x000000717db00000,0x000000717dc00000)]
  0x000002281519d000 JavaThread "Build operations" [_thread_blocked, id=2288, stack(0x000000717da00000,0x000000717db00000)]
  0x0000022815195000 JavaThread "Cache worker for Build Output Cleanup Cache (C:\Users\User\AndroidStudioProjects\MyGroceryApp\.gradle\buildOutputCleanup)" [_thread_blocked, id=9756, stack(0x000000717d900000,0x000000717da00000)]
  0x0000022815199000 JavaThread "Cache worker for file content cache (C:\Users\User\.gradle\caches\6.5\fileContent)" [_thread_blocked, id=3992, stack(0x000000717d800000,0x000000717d900000)]
  0x000002281519c000 JavaThread "Cache worker for execution history cache (C:\Users\User\.gradle\caches\6.5\executionHistory)" [_thread_blocked, id=11868, stack(0x000000717d700000,0x000000717d800000)]
  0x000002281519b800 JavaThread "Cache worker for cache directory md-rule (C:\Users\User\.gradle\caches\6.5\md-rule)" [_thread_blocked, id=13032, stack(0x000000717d600000,0x000000717d700000)]
  0x000002281519a800 JavaThread "Cache worker for cache directory md-supplier (C:\Users\User\.gradle\caches\6.5\md-supplier)" [_thread_blocked, id=2536, stack(0x000000717d500000,0x000000717d600000)]
  0x0000022815197800 JavaThread "Cache worker for checksums cache (C:\Users\User\AndroidStudioProjects\MyGroceryApp\.gradle\checksums)" [_thread_blocked, id=11528, stack(0x000000717d400000,0x000000717d500000)]
  0x0000022813192000 JavaThread "jar transforms Thread 25" [_thread_blocked, id=9136, stack(0x000000717d300000,0x000000717d400000)]
  0x0000022813196000 JavaThread "jar transforms Thread 24" [_thread_blocked, id=6296, stack(0x000000717d200000,0x000000717d300000)]
  0x0000022813191000 JavaThread "jar transforms Thread 23" [_thread_blocked, id=4476, stack(0x000000717d100000,0x000000717d200000)]
  0x0000022813193800 JavaThread "jar transforms Thread 22" [_thread_blocked, id=7708, stack(0x000000717d000000,0x000000717d100000)]
  0x0000022813194000 JavaThread "jar transforms Thread 21" [_thread_blocked, id=10132, stack(0x000000717cf00000,0x000000717d000000)]
  0x0000022813197800 JavaThread "jar transforms Thread 20" [_thread_blocked, id=3480, stack(0x000000717ce00000,0x000000717cf00000)]
  0x0000022813192800 JavaThread "jar transforms Thread 19" [_thread_blocked, id=12636, stack(0x000000717cd00000,0x000000717ce00000)]
  0x0000022813196800 JavaThread "jar transforms Thread 18" [_thread_blocked, id=7584, stack(0x000000717cc00000,0x000000717cd00000)]
  0x0000022813189000 JavaThread "jar transforms Thread 17" [_thread_blocked, id=11580, stack(0x000000717cb00000,0x000000717cc00000)]
  0x0000022813190800 JavaThread "jar transforms Thread 16" [_thread_blocked, id=12012, stack(0x000000717ca00000,0x000000717cb00000)]
  0x0000022813188800 JavaThread "jar transforms Thread 15" [_thread_blocked, id=9912, stack(0x000000717c900000,0x000000717ca00000)]
  0x000002281318d000 JavaThread "jar transforms Thread 14" [_thread_blocked, id=11984, stack(0x000000717c800000,0x000000717c900000)]
  0x000002281318c800 JavaThread "jar transforms Thread 13" [_thread_blocked, id=11388, stack(0x000000717c700000,0x000000717c800000)]
  0x000002281318f800 JavaThread "jar transforms Thread 12" [_thread_blocked, id=6420, stack(0x000000717c600000,0x000000717c700000)]
  0x000002281318e000 JavaThread "jar transforms Thread 11" [_thread_blocked, id=4352, stack(0x000000717c500000,0x000000717c600000)]
  0x000002281318b800 JavaThread "jar transforms Thread 10" [_thread_blocked, id=8668, stack(0x000000717c400000,0x000000717c500000)]
  0x000002281318b000 JavaThread "jar transforms Thread 9" [_thread_blocked, id=11524, stack(0x000000717c300000,0x000000717c400000)]
  0x000002281318e800 JavaThread "jar transforms Thread 8" [_thread_blocked, id=9680, stack(0x000000717c200000,0x000000717c300000)]
  0x000002281318a000 JavaThread "jar transforms Thread 7" [_thread_blocked, id=2816, stack(0x000000717c100000,0x000000717c200000)]
  0x0000022812509800 JavaThread "jar transforms Thread 6" [_thread_blocked, id=11448, stack(0x000000717c000000,0x000000717c100000)]
  0x0000022812509000 JavaThread "jar transforms Thread 5" [_thread_blocked, id=2768, stack(0x000000717bf00000,0x000000717c000000)]
  0x0000022812506000 JavaThread "jar transforms Thread 4" [_thread_blocked, id=4104, stack(0x000000717be00000,0x000000717bf00000)]
  0x0000022812507800 JavaThread "jar transforms Thread 3" [_thread_blocked, id=3064, stack(0x000000717bd00000,0x000000717be00000)]
  0x000002281250a800 JavaThread "jar transforms Thread 2" [_thread_blocked, id=6360, stack(0x000000717bc00000,0x000000717bd00000)]
  0x0000022812505000 JavaThread "jar transforms" [_thread_blocked, id=2012, stack(0x000000717bb00000,0x000000717bc00000)]
  0x000002281250b800 JavaThread "Cache worker for file hash cache (C:\Users\User\AndroidStudioProjects\MyGroceryApp\.gradle\6.5\fileHashes)" [_thread_blocked, id=8660, stack(0x000000717ba00000,0x000000717bb00000)]
  0x0000022812506800 JavaThread "Cache worker for file hash cache (C:\Users\User\.gradle\caches\6.5\fileHashes)" [_thread_blocked, id=9692, stack(0x000000717b900000,0x000000717ba00000)]
  0x000002281250c000 JavaThread "File lock request listener" [_thread_in_native, id=7836, stack(0x000000717b800000,0x000000717b900000)]
  0x0000022812508000 JavaThread "Cache worker for journal cache (C:\Users\User\.gradle\caches\journal-1)" [_thread_in_native, id=7600, stack(0x000000717b700000,0x000000717b800000)]
  0x0000022812e20800 JavaThread "Thread-9" [_thread_blocked, id=10944, stack(0x000000717b600000,0x000000717b700000)]
  0x0000022812e1e000 JavaThread "Stdin handler" [_thread_blocked, id=12928, stack(0x000000717b500000,0x000000717b600000)]
  0x00000228136e5000 JavaThread "Asynchronous log dispatcher for DefaultDaemonConnection: socket connection from /127.0.0.1:51593 to /127.0.0.1:51594" [_thread_blocked, id=2992, stack(0x000000717b400000,0x000000717b500000)]
  0x00000228136e3800 JavaThread "Daemon worker" [_thread_in_vm, id=10076, stack(0x000000717b300000,0x000000717b400000)]
  0x00000228136ec000 JavaThread "Cancel handler" [_thread_blocked, id=6652, stack(0x000000717b200000,0x000000717b300000)]
  0x000002281342c000 JavaThread "Handler for socket connection from /127.0.0.1:51593 to /127.0.0.1:51594" [_thread_in_native, id=8780, stack(0x000000717b100000,0x000000717b200000)]
  0x0000022813429000 JavaThread "Daemon" [_thread_blocked, id=8512, stack(0x000000717b000000,0x000000717b100000)]
  0x000002281369d000 JavaThread "Daemon periodic checks" [_thread_blocked, id=12804, stack(0x000000717af00000,0x000000717b000000)]
  0x0000022813640000 JavaThread "Incoming local TCP Connector on port 51593" [_thread_in_native, id=2064, stack(0x000000717ae00000,0x000000717af00000)]
  0x0000022811e5a000 JavaThread "Daemon health stats" [_thread_blocked, id=3540, stack(0x000000717ab00000,0x000000717ac00000)]
  0x00000228115f9800 JavaThread "Service Thread" daemon [_thread_blocked, id=6644, stack(0x000000717a900000,0x000000717aa00000)]
  0x000002281021b000 JavaThread "C1 CompilerThread3" daemon [_thread_in_vm, id=8820, stack(0x000000717a800000,0x000000717a900000)]
  0x000002281021a000 JavaThread "C2 CompilerThread2" daemon [_thread_in_vm, id=9320, stack(0x000000717a700000,0x000000717a800000)]
=>0x0000022810216800 JavaThread "C2 CompilerThread1" daemon [_thread_in_native, id=7192, stack(0x000000717a600000,0x000000717a700000)]
  0x0000022810212800 JavaThread "C2 CompilerThread0" daemon [_thread_blocked, id=12824, stack(0x000000717a500000,0x000000717a600000)]
  0x000002281020c000 JavaThread "Attach Listener" daemon [_thread_blocked, id=7184, stack(0x000000717a400000,0x000000717a500000)]
  0x000002281020a800 JavaThread "Signal Dispatcher" daemon [_thread_blocked, id=2112, stack(0x000000717a300000,0x000000717a400000)]
  0x000002287fd5d800 JavaThread "Finalizer" daemon [_thread_blocked, id=3392, stack(0x000000717a200000,0x000000717a300000)]
  0x000002287fd57000 JavaThread "Reference Handler" daemon [_thread_blocked, id=2088, stack(0x000000717a100000,0x000000717a200000)]
  0x0000022879501800 JavaThread "main" [_thread_blocked, id=10600, stack(0x0000007179700000,0x0000007179800000)]

Other Threads:
  0x00000228101b2800 VMThread [stack: 0x000000717a000000,0x000000717a100000] [id=7480]
  0x00000228115fc000 WatcherThread [stack: 0x000000717aa00000,0x000000717ab00000] [id=10704]

VM state:at safepoint (normal execution)

VM Mutex/Monitor currently owned by a thread:  ([mutex/lock_event])
[0x00000228794fea00] Safepoint_lock - owner thread: 0x00000228101b2800
[0x0000022879500200] Threads_lock - owner thread: 0x00000228101b2800

heap address: 0x0000000080000000, size: 2048 MB, Compressed Oops mode: 32-bit
Narrow klass base: 0x0000000000000000, Narrow klass shift: 3
Compressed class space size: 1073741824 Address: 0x0000000100000000

Heap:
 PSYoungGen      total 136192K, used 19114K [0x00000000d5580000, 0x00000000deb80000, 0x0000000100000000)
  eden space 121856K, 3% used [0x00000000d5580000,0x00000000d5a2e408,0x00000000dcc80000)
  from space 14336K, 99% used [0x00000000dcc80000,0x00000000dda7c618,0x00000000dda80000)
  to   space 11264K, 0% used [0x00000000dda80000,0x00000000dda80000,0x00000000de580000)
 ParOldGen       total 73216K, used 40520K [0x0000000080000000, 0x0000000084780000, 0x00000000d5580000)
  object space 73216K, 55% used [0x0000000080000000,0x00000000827922d0,0x0000000084780000)
 Metaspace       used 71382K, capacity 74484K, committed 74752K, reserved 1114112K
  class space    used 10078K, capacity 10699K, committed 10752K, reserved 1048576K

Card table byte_map: [0x000002287b170000,0x000002287b580000] byte_map_base: 0x000002287ad70000

Marking Bits: (ParMarkBitMap*) 0x0000000055d1f940
 Begin Bits: [0x000002287b830000, 0x000002287d830000)
 End Bits:   [0x000002287d830000, 0x000002287f830000)

Polling page: 0x000002287ad80000

CodeCache: size=245760Kb used=20798Kb max_used=20906Kb free=224961Kb
 bounds [0x0000022800000000, 0x0000022801480000, 0x000002280f000000]
 total_blobs=6907 nmethods=6109 adapters=710
 compilation: enabled

Compilation events (10 events):
Event: 7.777 Thread 0x000002281021a000 6932       4       com.google.common.cache.LocalCache::segmentFor (17 bytes)
Event: 7.777 Thread 0x000002281021b000 nmethod 6930 0x000002280147ac50 code [0x000002280147adc0, 0x000002280147b0f8]
Event: 7.777 Thread 0x000002281021b000 6931       3       com.google.common.cache.CacheBuilder$1::recordMisses (1 bytes)
Event: 7.777 Thread 0x0000022810212800 6933       4       com.google.common.collect.RegularImmutableSet::iterator (8 bytes)
Event: 7.778 Thread 0x000002281021b000 nmethod 6931 0x000002280147b290 code [0x000002280147b3e0, 0x000002280147b538]
Event: 7.778 Thread 0x000002281021b000 6935       1       org.gradle.api.internal.artifacts.ivyservice.ResolvedArtifactCollectingVisitor::requireArtifactFiles (2 bytes)
Event: 7.778 Thread 0x000002281021b000 nmethod 6935 0x000002280147b5d0 code [0x000002280147b720, 0x000002280147b838]
Event: 7.778 Thread 0x000002281021b000 6934       3       java.util.ArrayList::fastRemove (57 bytes)
Event: 7.778 Thread 0x000002281021a000 nmethod 6932 0x00000228004655d0 code [0x0000022800465700, 0x0000022800465798]
Event: 7.779 Thread 0x000002281021b000 nmethod 6934 0x000002280147de50 code [0x000002280147dfc0, 0x000002280147e3b0]

GC Heap History (10 events):
Event: 4.426 GC heap before
{Heap before GC invocations=14 (full 2):
 PSYoungGen      total 110080K, used 108856K [0x00000000d5580000, 0x00000000de580000, 0x0000000100000000)
  eden space 99328K, 100% used [0x00000000d5580000,0x00000000db680000,0x00000000db680000)
  from space 10752K, 88% used [0x00000000db680000,0x00000000dbfce3e8,0x00000000dc100000)
  to   space 11264K, 0% used [0x00000000dda80000,0x00000000dda80000,0x00000000de580000)
 ParOldGen       total 73216K, used 14600K [0x0000000080000000, 0x0000000084780000, 0x00000000d5580000)
  object space 73216K, 19% used [0x0000000080000000,0x0000000080e42068,0x0000000084780000)
 Metaspace       used 47558K, capacity 49824K, committed 50048K, reserved 1091584K
  class space    used 6578K, capacity 7024K, committed 7040K, reserved 1048576K
Event: 4.435 GC heap after
Heap after GC invocations=14 (full 2):
 PSYoungGen      total 133120K, used 11236K [0x00000000d5580000, 0x00000000deb80000, 0x0000000100000000)
  eden space 121856K, 0% used [0x00000000d5580000,0x00000000d5580000,0x00000000dcc80000)
  from space 11264K, 99% used [0x00000000dda80000,0x00000000de579018,0x00000000de580000)
  to   space 14336K, 0% used [0x00000000dcc80000,0x00000000dcc80000,0x00000000dda80000)
 ParOldGen       total 73216K, used 18530K [0x0000000080000000, 0x0000000084780000, 0x00000000d5580000)
  object space 73216K, 25% used [0x0000000080000000,0x0000000081218860,0x0000000084780000)
 Metaspace       used 47558K, capacity 49824K, committed 50048K, reserved 1091584K
  class space    used 6578K, capacity 7024K, committed 7040K, reserved 1048576K
}
Event: 5.434 GC heap before
{Heap before GC invocations=15 (full 2):
 PSYoungGen      total 133120K, used 119615K [0x00000000d5580000, 0x00000000deb80000, 0x0000000100000000)
  eden space 121856K, 88% used [0x00000000d5580000,0x00000000dbf56e50,0x00000000dcc80000)
  from space 11264K, 99% used [0x00000000dda80000,0x00000000de579018,0x00000000de580000)
  to   space 14336K, 0% used [0x00000000dcc80000,0x00000000dcc80000,0x00000000dda80000)
 ParOldGen       total 73216K, used 18530K [0x0000000080000000, 0x0000000084780000, 0x00000000d5580000)
  object space 73216K, 25% used [0x0000000080000000,0x0000000081218860,0x0000000084780000)
 Metaspace       used 56394K, capacity 58966K, committed 59136K, reserved 1099776K
  class space    used 7844K, capacity 8340K, committed 8448K, reserved 1048576K
Event: 5.463 GC heap after
Heap after GC invocations=15 (full 2):
 PSYoungGen      total 136192K, used 14315K [0x00000000d5580000, 0x00000000deb80000, 0x0000000100000000)
  eden space 121856K, 0% used [0x00000000d5580000,0x00000000d5580000,0x00000000dcc80000)
  from space 14336K, 99% used [0x00000000dcc80000,0x00000000dda7acd8,0x00000000dda80000)
  to   space 11264K, 0% used [0x00000000dda80000,0x00000000dda80000,0x00000000de580000)
 ParOldGen       total 73216K, used 27800K [0x0000000080000000, 0x0000000084780000, 0x00000000d5580000)
  object space 73216K, 37% used [0x0000000080000000,0x0000000081b26180,0x0000000084780000)
 Metaspace       used 56394K, capacity 58966K, committed 59136K, reserved 1099776K
  class space    used 7844K, capacity 8340K, committed 8448K, reserved 1048576K
}
Event: 5.463 GC heap before
{Heap before GC invocations=16 (full 3):
 PSYoungGen      total 136192K, used 14315K [0x00000000d5580000, 0x00000000deb80000, 0x0000000100000000)
  eden space 121856K, 0% used [0x00000000d5580000,0x00000000d5580000,0x00000000dcc80000)
  from space 14336K, 99% used [0x00000000dcc80000,0x00000000dda7acd8,0x00000000dda80000)
  to   space 11264K, 0% used [0x00000000dda80000,0x00000000dda80000,0x00000000de580000)
 ParOldGen       total 73216K, used 27800K [0x0000000080000000, 0x0000000084780000, 0x00000000d5580000)
  object space 73216K, 37% used [0x0000000080000000,0x0000000081b26180,0x0000000084780000)
 Metaspace       used 56394K, capacity 58966K, committed 59136K, reserved 1099776K
  class space    used 7844K, capacity 8340K, committed 8448K, reserved 1048576K
Event: 5.621 GC heap after
Heap after GC invocations=16 (full 3):
 PSYoungGen      total 136192K, used 0K [0x00000000d5580000, 0x00000000deb80000, 0x0000000100000000)
  eden space 121856K, 0% used [0x00000000d5580000,0x00000000d5580000,0x00000000dcc80000)
  from space 14336K, 0% used [0x00000000dcc80000,0x00000000dcc80000,0x00000000dda80000)
  to   space 11264K, 0% used [0x00000000dda80000,0x00000000dda80000,0x00000000de580000)
 ParOldGen       total 73216K, used 36187K [0x0000000080000000, 0x0000000084780000, 0x00000000d5580000)
  object space 73216K, 49% used [0x0000000080000000,0x0000000082356ec0,0x0000000084780000)
 Metaspace       used 56342K, capacity 58792K, committed 59136K, reserved 1099776K
  class space    used 7828K, capacity 8311K, committed 8448K, reserved 1048576K
}
Event: 6.554 GC heap before
{Heap before GC invocations=17 (full 3):
 PSYoungGen      total 136192K, used 121856K [0x00000000d5580000, 0x00000000deb80000, 0x0000000100000000)
  eden space 121856K, 100% used [0x00000000d5580000,0x00000000dcc80000,0x00000000dcc80000)
  from space 14336K, 0% used [0x00000000dcc80000,0x00000000dcc80000,0x00000000dda80000)
  to   space 11264K, 0% used [0x00000000dda80000,0x00000000dda80000,0x00000000de580000)
 ParOldGen       total 73216K, used 36187K [0x0000000080000000, 0x0000000084780000, 0x00000000d5580000)
  object space 73216K, 49% used [0x0000000080000000,0x0000000082356ec0,0x0000000084780000)
 Metaspace       used 62684K, capacity 65466K, committed 65792K, reserved 1105920K
  class space    used 8805K, capacity 9359K, committed 9472K, reserved 1048576K
Event: 6.564 GC heap after
Heap after GC invocations=17 (full 3):
 PSYoungGen      total 133120K, used 9905K [0x00000000d5580000, 0x00000000deb80000, 0x0000000100000000)
  eden space 121856K, 0% used [0x00000000d5580000,0x00000000d5580000,0x00000000dcc80000)
  from space 11264K, 87% used [0x00000000dda80000,0x00000000de42c7d8,0x00000000de580000)
  to   space 14336K, 0% used [0x00000000dcc80000,0x00000000dcc80000,0x00000000dda80000)
 ParOldGen       total 73216K, used 36195K [0x0000000080000000, 0x0000000084780000, 0x00000000d5580000)
  object space 73216K, 49% used [0x0000000080000000,0x0000000082358ec0,0x0000000084780000)
 Metaspace       used 62684K, capacity 65466K, committed 65792K, reserved 1105920K
  class space    used 8805K, capacity 9359K, committed 9472K, reserved 1048576K
}
Event: 7.761 GC heap before
{Heap before GC invocations=18 (full 3):
 PSYoungGen      total 133120K, used 131761K [0x00000000d5580000, 0x00000000deb80000, 0x0000000100000000)
  eden space 121856K, 100% used [0x00000000d5580000,0x00000000dcc80000,0x00000000dcc80000)
  from space 11264K, 87% used [0x00000000dda80000,0x00000000de42c7d8,0x00000000de580000)
  to   space 14336K, 0% used [0x00000000dcc80000,0x00000000dcc80000,0x00000000dda80000)
 ParOldGen       total 73216K, used 36195K [0x0000000080000000, 0x0000000084780000, 0x00000000d5580000)
  object space 73216K, 49% used [0x0000000080000000,0x0000000082358ec0,0x0000000084780000)
 Metaspace       used 71380K, capacity 74484K, committed 74752K, reserved 1114112K
  class space    used 10078K, capacity 10699K, committed 10752K, reserved 1048576K
Event: 7.776 GC heap after
Heap after GC invocations=18 (full 3):
 PSYoungGen      total 136192K, used 14321K [0x00000000d5580000, 0x00000000deb80000, 0x0000000100000000)
  eden space 121856K, 0% used [0x00000000d5580000,0x00000000d5580000,0x00000000dcc80000)
  from space 14336K, 99% used [0x00000000dcc80000,0x00000000dda7c618,0x00000000dda80000)
  to   space 11264K, 0% used [0x00000000dda80000,0x00000000dda80000,0x00000000de580000)
 ParOldGen       total 73216K, used 40520K [0x0000000080000000, 0x0000000084780000, 0x00000000d5580000)
  object space 73216K, 55% used [0x0000000080000000,0x00000000827922d0,0x0000000084780000)
 Metaspace       used 71380K, capacity 74484K, committed 74752K, reserved 1114112K
  class space    used 10078K, capacity 10699K, committed 10752K, reserved 1048576K
}

Deoptimization events (10 events):
Event: 7.576 Thread 0x00000228136e3800 Uncommon trap: reason=unstable_if action=reinterpret pc=0x00000228001717a0 method=java.lang.CharacterDataLatin1.digit(II)I @ 82
Event: 7.586 Thread 0x00000228136e3800 Uncommon trap: reason=unstable_if action=reinterpret pc=0x0000022800e987d4 method=java.lang.CharacterDataLatin1.digit(II)I @ 82
Event: 7.591 Thread 0x00000228136e3800 Uncommon trap: reason=null_check action=maybe_recompile pc=0x000002280075345c method=java.net.URL.<init>(Ljava/net/URL;Ljava/lang/String;Ljava/net/URLStreamHandler;)V @ 50
Event: 7.592 Thread 0x00000228136e3800 Uncommon trap: reason=unstable_if action=reinterpret pc=0x00000228004b0090 method=sun.nio.cs.UTF_8$Encoder.encodeArrayLoop(Ljava/nio/CharBuffer;Ljava/nio/ByteBuffer;)Ljava/nio/charset/CoderResult; @ 87
Event: 7.592 Thread 0x00000228136e3800 Uncommon trap: reason=unstable_if action=reinterpret pc=0x0000022800b137a0 method=sun.nio.cs.UTF_8$Decoder.decodeArrayLoop(Ljava/nio/ByteBuffer;Ljava/nio/CharBuffer;)Ljava/nio/charset/CoderResult; @ 84
Event: 7.593 Thread 0x00000228136e3800 Uncommon trap: reason=null_check action=maybe_recompile pc=0x000002280075345c method=java.net.URL.<init>(Ljava/net/URL;Ljava/lang/String;Ljava/net/URLStreamHandler;)V @ 50
Event: 7.593 Thread 0x00000228136e3800 Uncommon trap: reason=unstable_if action=reinterpret pc=0x000002280019c46c method=com.sun.org.apache.xerces.internal.util.SymbolTable.addSymbol([CII)Ljava/lang/String; @ 64
Event: 7.602 Thread 0x00000228136e5000 Uncommon trap: reason=unstable_if action=reinterpret pc=0x0000022800d08514 method=com.esotericsoftware.kryo.io.Output.writeString(Ljava/lang/CharSequence;)V @ 83
Event: 7.755 Thread 0x00000228136e3800 Uncommon trap: reason=unstable_if action=reinterpret pc=0x0000022800ab28b0 method=com.esotericsoftware.kryo.io.Input.readString()Ljava/lang/String; @ 38
Event: 7.755 Thread 0x00000228136e3800 Uncommon trap: reason=unstable_if action=reinterpret pc=0x0000022800ac6c08 method=com.esotericsoftware.kryo.io.Input.readString()Ljava/lang/String; @ 38

Classes redefined (0 events):
No events

Internal exceptions (10 events):
Event: 7.216 Thread 0x00000228136e3800 Exception <a 'java/lang/ClassNotFoundException': org/gradle/api/plugins/internal/DefaultBasePluginConventionBeanInfo> (0x00000000d986d548) thrown at [C:\workspace\openjdk-build\workspace\build\src\hotspot\src\share\vm\classfile\systemDictionary.cpp, line 
Event: 7.216 Thread 0x00000228136e3800 Exception <a 'java/lang/ClassNotFoundException': org/gradle/api/plugins/BasePluginConventionBeanInfo> (0x00000000d9896e68) thrown at [C:\workspace\openjdk-build\workspace\build\src\hotspot\src\share\vm\classfile\systemDictionary.cpp, line 217]
Event: 7.217 Thread 0x00000228136e3800 Exception <a 'java/lang/ClassNotFoundException': org/gradle/api/plugins/BasePluginConventionCustomizer> (0x00000000d98c0ee8) thrown at [C:\workspace\openjdk-build\workspace\build\src\hotspot\src\share\vm\classfile\systemDictionary.cpp, line 217]
Event: 7.217 Thread 0x00000228136e3800 Exception <a 'java/lang/ClassNotFoundException': org/gradle/api/plugins/internal/DefaultBasePluginConventionCustomizer> (0x00000000d9907ac8) thrown at [C:\workspace\openjdk-build\workspace\build\src\hotspot\src\share\vm\classfile\systemDictionary.cpp, lin
Event: 7.363 Thread 0x00000228136e3800 Exception <a 'sun/nio/fs/WindowsException'> (0x00000000da504e48) thrown at [C:\workspace\openjdk-build\workspace\build\src\hotspot\src\share\vm\prims\jni.cpp, line 712]
Event: 7.400 Thread 0x00000228136e3800 Exception <a 'java/lang/ClassNotFoundException': com/sun/org/glassfish/hk2/osgiresourcelocator/ServiceLoader> (0x00000000da8b31f0) thrown at [C:\workspace\openjdk-build\workspace\build\src\hotspot\src\share\vm\classfile\systemDictionary.cpp, line 217]
Event: 7.431 Thread 0x00000228136e3800 Exception <a 'java/lang/NullPointerException'> (0x00000000dad25e08) thrown at [C:\workspace\openjdk-build\workspace\build\src\hotspot\src\share\vm\interpreter\linkResolver.cpp, line 1287]
Event: 7.591 Thread 0x00000228136e3800 Implicit null exception at 0x0000022800750414 to 0x000002280075344d
Event: 7.593 Thread 0x00000228136e3800 Implicit null exception at 0x0000022800750414 to 0x000002280075344d
Event: 7.646 Thread 0x00000228136e3800 Exception <a 'java/lang/reflect/InvocationTargetException'> (0x00000000dc487358) thrown at [C:\workspace\openjdk-build\workspace\build\src\hotspot\src\share\vm\runtime\reflection.cpp, line 1091]

Events (10 events):
Event: 7.781 Executing VM operation: RevokeBias
Event: 7.781 Executing VM operation: RevokeBias done
Event: 7.781 Executing VM operation: RevokeBias
Event: 7.781 Executing VM operation: RevokeBias done
Event: 7.781 Executing VM operation: RevokeBias
Event: 7.782 Executing VM operation: RevokeBias done
Event: 7.782 Executing VM operation: RevokeBias
Event: 7.782 Executing VM operation: RevokeBias done
Event: 7.782 Executing VM operation: RevokeBias
Event: 7.782 Executing VM operation: RevokeBias done


Dynamic libraries:
0x00007ff6c3cd0000 - 0x00007ff6c3d1d000 	C:\Program Files\Java\jdk8u482-b08\bin\java.exe
0x00007fface190000 - 0x00007fface388000 	C:\WINDOWS\SYSTEM32\ntdll.dll
0x00007ffacc290000 - 0x00007ffacc352000 	C:\WINDOWS\System32\KERNEL32.DLL
0x00007ffacbd00000 - 0x00007ffacbff6000 	C:\WINDOWS\System32\KERNELBASE.dll
0x00007ffacc440000 - 0x00007ffacc4f1000 	C:\WINDOWS\System32\ADVAPI32.dll
0x00007ffaccd80000 - 0x00007ffacce1e000 	C:\WINDOWS\System32\msvcrt.dll
0x00007ffacd070000 - 0x00007ffacd10f000 	C:\WINDOWS\System32\sechost.dll
0x00007fface030000 - 0x00007fface150000 	C:\WINDOWS\System32\RPCRT4.dll
0x00007ffacc180000 - 0x00007ffacc1a7000 	C:\WINDOWS\System32\bcrypt.dll
0x00007ffacd170000 - 0x00007ffacd311000 	C:\WINDOWS\System32\USER32.dll
0x00007ffacbcd0000 - 0x00007ffacbcf2000 	C:\WINDOWS\System32\win32u.dll
0x00007ffaccb80000 - 0x00007ffaccbab000 	C:\WINDOWS\System32\GDI32.dll
0x00007ffacb820000 - 0x00007ffacb939000 	C:\WINDOWS\System32\gdi32full.dll
0x00007ffacba40000 - 0x00007ffacbadd000 	C:\WINDOWS\System32\msvcp_win.dll
0x00007ffacc000000 - 0x00007ffacc100000 	C:\WINDOWS\System32\ucrtbase.dll
0x00007ffaba970000 - 0x00007ffabac0b000 	C:\WINDOWS\WinSxS\amd64_microsoft.windows.common-controls_6595b64144ccf1df_6.0.19041.6456_none_60b8a6cb71f64256\COMCTL32.dll
0x00007ffacc1c0000 - 0x00007ffacc1ef000 	C:\WINDOWS\System32\IMM32.DLL
0x00007ffaacd30000 - 0x00007ffaacd4e000 	C:\Program Files\Java\jdk8u482-b08\jre\bin\vcruntime140.dll
0x00007ffabb650000 - 0x00007ffabb65c000 	C:\Program Files\Java\jdk8u482-b08\jre\bin\vcruntime140_1.dll
0x00007ffaa6e50000 - 0x00007ffaa6edd000 	C:\Program Files\Java\jdk8u482-b08\jre\bin\msvcp140.dll
0x0000000055500000 - 0x0000000055d99000 	C:\Program Files\Java\jdk8u482-b08\jre\bin\server\jvm.dll
0x00007ffacc1f0000 - 0x00007ffacc1f8000 	C:\WINDOWS\System32\PSAPI.DLL
0x00007ffabc640000 - 0x00007ffabc649000 	C:\WINDOWS\SYSTEM32\WSOCK32.dll
0x00007ffac2f40000 - 0x00007ffac2f67000 	C:\WINDOWS\SYSTEM32\WINMM.dll
0x00007ffac4c10000 - 0x00007ffac4c1a000 	C:\WINDOWS\SYSTEM32\VERSION.dll
0x00007ffaccce0000 - 0x00007ffaccd4b000 	C:\WINDOWS\System32\WS2_32.dll
0x00007ffac96b0000 - 0x00007ffac96c2000 	C:\WINDOWS\SYSTEM32\kernel.appcore.dll
0x00007ffabb510000 - 0x00007ffabb520000 	C:\Program Files\Java\jdk8u482-b08\jre\bin\verify.dll
0x00007ffaac600000 - 0x00007ffaac62b000 	C:\Program Files\Java\jdk8u482-b08\jre\bin\java.dll
0x00007ffaac130000 - 0x00007ffaac148000 	C:\Program Files\Java\jdk8u482-b08\jre\bin\zip.dll
0x00007ffacd320000 - 0x00007ffacda90000 	C:\WINDOWS\System32\SHELL32.dll
0x00007ffac98b0000 - 0x00007ffaca055000 	C:\WINDOWS\SYSTEM32\windows.storage.dll
0x00007ffacdc00000 - 0x00007ffacdf54000 	C:\WINDOWS\System32\combase.dll
0x00007ffacb170000 - 0x00007ffacb19b000 	C:\WINDOWS\SYSTEM32\Wldp.dll
0x00007ffacdf60000 - 0x00007fface02d000 	C:\WINDOWS\System32\OLEAUT32.dll
0x00007ffaccc30000 - 0x00007ffacccdd000 	C:\WINDOWS\System32\SHCORE.dll
0x00007ffacc6b0000 - 0x00007ffacc70b000 	C:\WINDOWS\System32\shlwapi.dll
0x00007ffacb750000 - 0x00007ffacb774000 	C:\WINDOWS\SYSTEM32\profapi.dll
0x00007ffaa9830000 - 0x00007ffaa984c000 	C:\Program Files\Java\jdk8u482-b08\jre\bin\net.dll
0x00007ffacaed0000 - 0x00007ffacaf3a000 	C:\WINDOWS\system32\mswsock.dll
0x00007ffaa9810000 - 0x00007ffaa9823000 	C:\Program Files\Java\jdk8u482-b08\jre\bin\nio.dll
0x00007ffaafef0000 - 0x00007ffaaff17000 	C:\Users\User\.gradle\native\f6784746aeab05261644944871eae4fe03e0ef1612fff0a4a95f87b438bc6780\windows-amd64\native-platform.dll
0x00007ffabb0e0000 - 0x00007ffabb0ed000 	C:\Program Files\Java\jdk8u482-b08\jre\bin\management.dll
0x00007ffacb0c0000 - 0x00007ffacb0d8000 	C:\WINDOWS\SYSTEM32\CRYPTSP.dll
0x00007ffaca7f0000 - 0x00007ffaca828000 	C:\WINDOWS\system32\rsaenh.dll
0x00007ffacb710000 - 0x00007ffacb73e000 	C:\WINDOWS\SYSTEM32\USERENV.dll
0x00007ffacbae0000 - 0x00007ffacbb62000 	C:\WINDOWS\System32\bcryptprimitives.dll
0x00007ffacb0e0000 - 0x00007ffacb0ec000 	C:\WINDOWS\SYSTEM32\CRYPTBASE.dll
0x00007ffacabb0000 - 0x00007ffacabeb000 	C:\WINDOWS\SYSTEM32\IPHLPAPI.DLL
0x00007ffacc1b0000 - 0x00007ffacc1b8000 	C:\WINDOWS\System32\NSI.dll
0x00007ffac64f0000 - 0x00007ffac6507000 	C:\WINDOWS\SYSTEM32\dhcpcsvc6.DLL
0x00007ffac6660000 - 0x00007ffac667d000 	C:\WINDOWS\SYSTEM32\dhcpcsvc.DLL
0x00007ffacabf0000 - 0x00007ffacacba000 	C:\WINDOWS\SYSTEM32\DNSAPI.dll
0x00007ffac69d0000 - 0x00007ffac69db000 	C:\WINDOWS\SYSTEM32\WINNSI.DLL

VM Arguments:
jvm_args: -Xmx2048m -Dfile.encoding=UTF-8 -Duser.country=FR -Duser.language=fr -Duser.variant 
java_command: org.gradle.launcher.daemon.bootstrap.GradleDaemon 6.5
java_class_path (initial): C:\Users\User\.gradle\wrapper\dists\gradle-6.5-all\2oz4ud9k3tuxjg84bbf55q0tn\gradle-6.5\lib\gradle-launcher-6.5.jar
Launcher Type: SUN_STANDARD

Environment Variables:
JAVA_HOME=C:\Program Files\OpenLogic\jdk-8.0.462.08-hotspot\
PATH=C:\Program Files\OpenLogic\jdk-8.0.462.08-hotspot\bin;C:\Program Files (x86)\NVIDIA Corporation\PhysX\Common;C:\WINDOWS\system32;C:\WINDOWS;C:\WINDOWS\System32\Wbem;C:\WINDOWS\System32\WindowsPowerShell\v1.0\;C:\WINDOWS\System32\OpenSSH\;C:\Users\User\AppData\Local\Programs\Python\Python312\Scripts\;C:\Users\User\AppData\Local\Programs\Python\Python312\;C:\Users\User\AppData\Local\Programs\Python\Launcher\;C:\Users\User\AppData\Local\Microsoft\WindowsApps;C:\Users\User\AppData\Local\Programs\Microsoft VS Code\bin
USERNAME=User
OS=Windows_NT
PROCESSOR_IDENTIFIER=AMD64 Family 23 Model 24 Stepping 1, AuthenticAMD



---------------  S Y S T E M  ---------------

OS: Windows 10 , 64 bit Build 19041 (10.0.19041.5915)

CPU:total 8 (initial active 8) (8 cores per cpu, 1 threads per core) family 23 model 24 stepping 1, cmov, cx8, fxsr, mmx, sse, sse2, sse3, ssse3, sse4.1, sse4.2, popcnt, avx, avx2, aes, clmul, mmxext, 3dnowpref, lzcnt, sse4a, tsc, tscinvbit, tscinv, bmi1

Memory: 4k page, physical 6238644k(222576k free), swap 9310644k(4692k free)

vm_info: OpenJDK 64-Bit Server VM (25.482-b08) for windows-amd64 JRE (1.8.0_482-b08), built on Jan 21 2026 06:10:28 by "ContainerUser" with unknown MS VC++:1937

time: Thu Apr  2 17:55:37 2026
timezone: Paris, Madrid
elapsed time: 7.792272 seconds (0d 0h 0m 7s)

